Archive member included to satisfy reference by file (symbol)

/nix/store/g29lld3lmg7r15jj0vsvlvyxcrw1fpmx-gcc-arm-embedded-12.2.rel1/bin/../lib/gcc/arm-none-eabi/12.2.1/../../../../arm-none-eabi/lib/thumb/v7-m/nofp/libc_nano.a(libc_a-exit.o)
                              /nix/store/g29lld3lmg7r15jj0vsvlvyxcrw1fpmx-gcc-arm-embedded-12.2.rel1/bin/../lib/gcc/arm-none-eabi/12.2.1/../../../../arm-none-eabi/lib/thumb/v7-m/nofp/crt0.o (exit)
/nix/store/g29lld3lmg7r15jj0vsvlvyxcrw1fpmx-gcc-arm-embedded-12.2.rel1/bin/../lib/gcc/arm-none-eabi/12.2.1/../../../../arm-none-eabi/lib/thumb/v7-m/nofp/libc_nano.a(libc_a-init.o)
                              /nix/store/g29lld3lmg7r15jj0vsvlvyxcrw1fpmx-gcc-arm-embedded-12.2.rel1/bin/../lib/gcc/arm-none-eabi/12.2.1/../../../../arm-none-eabi/lib/thumb/v7-m/nofp/crt0.o (__libc_init_array)
/nix/store/g29lld3lmg7r15jj0vsvlvyxcrw1fpmx-gcc-arm-embedded-12.2.rel1/bin/../lib/gcc/arm-none-eabi/12.2.1/../../../../arm-none-eabi/lib/thumb/v7-m/nofp/libc_nano.a(libc_a-findfp.o)
                              /nix/store/g29lld3lmg7r15jj0vsvlvyxcrw1fpmx-gcc-arm-embedded-12.2.rel1/bin/../lib/gcc/arm-none-eabi/12.2.1/../../../../arm-none-eabi/lib/thumb/v7-m/nofp/libc_nano.a(libc_a-exit.o) (__stdio_exit_handler)
/nix/store/g29lld3lmg7r15jj0vsvlvyxcrw1fpmx-gcc-arm-embedded-12.2.rel1/bin/../lib/gcc/arm-none-eabi/12.2.1/../../../../arm-none-eabi/lib/thumb/v7-m/nofp/libc_nano.a(libc_a-stdio.o)
                              /nix/store/g29lld3lmg7r15jj0vsvlvyxcrw1fpmx-gcc-arm-embedded-12.2.rel1/bin/../lib/gcc/arm-none-eabi/12.2.1/../../../../arm-none-eabi/lib/thumb/v7-m/nofp/libc_nano.a(libc_a-findfp.o) (__sread)
/nix/store/g29lld3lmg7r15jj0vsvlvyxcrw1fpmx-gcc-arm-embedded-12.2.rel1/bin/../lib/gcc/arm-none-eabi/12.2.1/../../../../arm-none-eabi/lib/thumb/v7-m/nofp/libc_nano.a(libc_a-writer.o)
                              /nix/store/g29lld3lmg7r15jj0vsvlvyxcrw1fpmx-gcc-arm-embedded-12.2.rel1/bin/../lib/gcc/arm-none-eabi/12.2.1/../../../../arm-none-eabi/lib/thumb/v7-m/nofp/libc_nano.a(libc_a-stdio.o) (_write_r)
/nix/store/g29lld3lmg7r15jj0vsvlvyxcrw1fpmx-gcc-arm-embedded-12.2.rel1/bin/../lib/gcc/arm-none-eabi/12.2.1/../../../../arm-none-eabi/lib/thumb/v7-m/nofp/libc_nano.a(libc_a-fwalk.o)
                              /nix/store/g29lld3lmg7r15jj0vsvlvyxcrw1fpmx-gcc-arm-embedded-12.2.rel1/bin/../lib/gcc/arm-none-eabi/12.2.1/../../../../arm-none-eabi/lib/thumb/v7-m/nofp/libc_nano.a(libc_a-findfp.o) (_fwalk_sglue)
/nix/store/g29lld3lmg7r15jj0vsvlvyxcrw1fpmx-gcc-arm-embedded-12.2.rel1/bin/../lib/gcc/arm-none-eabi/12.2.1/../../../../arm-none-eabi/lib/thumb/v7-m/nofp/libc_nano.a(libc_a-memset.o)
                              /nix/store/g29lld3lmg7r15jj0vsvlvyxcrw1fpmx-gcc-arm-embedded-12.2.rel1/bin/../lib/gcc/arm-none-eabi/12.2.1/../../../../arm-none-eabi/lib/thumb/v7-m/nofp/crt0.o (memset)
/nix/store/g29lld3lmg7r15jj0vsvlvyxcrw1fpmx-gcc-arm-embedded-12.2.rel1/bin/../lib/gcc/arm-none-eabi/12.2.1/../../../../arm-none-eabi/lib/thumb/v7-m/nofp/libc_nano.a(libc_a-lock.o)
                              /nix/store/g29lld3lmg7r15jj0vsvlvyxcrw1fpmx-gcc-arm-embedded-12.2.rel1/bin/../lib/gcc/arm-none-eabi/12.2.1/../../../../arm-none-eabi/lib/thumb/v7-m/nofp/libc_nano.a(libc_a-findfp.o) (__retarget_lock_init_recursive)
/nix/store/g29lld3lmg7r15jj0vsvlvyxcrw1fpmx-gcc-arm-embedded-12.2.rel1/bin/../lib/gcc/arm-none-eabi/12.2.1/../../../../arm-none-eabi/lib/thumb/v7-m/nofp/libc_nano.a(libc_a-closer.o)
                              /nix/store/g29lld3lmg7r15jj0vsvlvyxcrw1fpmx-gcc-arm-embedded-12.2.rel1/bin/../lib/gcc/arm-none-eabi/12.2.1/../../../../arm-none-eabi/lib/thumb/v7-m/nofp/libc_nano.a(libc_a-stdio.o) (_close_r)
/nix/store/g29lld3lmg7r15jj0vsvlvyxcrw1fpmx-gcc-arm-embedded-12.2.rel1/bin/../lib/gcc/arm-none-eabi/12.2.1/../../../../arm-none-eabi/lib/thumb/v7-m/nofp/libc_nano.a(libc_a-reent.o)
                              /nix/store/g29lld3lmg7r15jj0vsvlvyxcrw1fpmx-gcc-arm-embedded-12.2.rel1/bin/../lib/gcc/arm-none-eabi/12.2.1/../../../../arm-none-eabi/lib/thumb/v7-m/nofp/libc_nano.a(libc_a-writer.o) (errno)
/nix/store/g29lld3lmg7r15jj0vsvlvyxcrw1fpmx-gcc-arm-embedded-12.2.rel1/bin/../lib/gcc/arm-none-eabi/12.2.1/../../../../arm-none-eabi/lib/thumb/v7-m/nofp/libc_nano.a(libc_a-impure.o)
                              /nix/store/g29lld3lmg7r15jj0vsvlvyxcrw1fpmx-gcc-arm-embedded-12.2.rel1/bin/../lib/gcc/arm-none-eabi/12.2.1/../../../../arm-none-eabi/lib/thumb/v7-m/nofp/libc_nano.a(libc_a-reent.o) (_impure_ptr)
/nix/store/g29lld3lmg7r15jj0vsvlvyxcrw1fpmx-gcc-arm-embedded-12.2.rel1/bin/../lib/gcc/arm-none-eabi/12.2.1/../../../../arm-none-eabi/lib/thumb/v7-m/nofp/libc_nano.a(libc_a-fflush.o)
                              /nix/store/g29lld3lmg7r15jj0vsvlvyxcrw1fpmx-gcc-arm-embedded-12.2.rel1/bin/../lib/gcc/arm-none-eabi/12.2.1/../../../../arm-none-eabi/lib/thumb/v7-m/nofp/libc_nano.a(libc_a-findfp.o) (_fflush_r)
[...]
Memory Configuration

Name             Origin             Length             Attributes
RAM              0x0000000020000000 0x0000000000005000 xrw
FLASH            0x0000000008000000 0x0000000000010000 xr
*default*        0x0000000000000000 0xffffffffffffffff

Linker script and memory map

LOAD /nix/store/g29lld3lmg7r15jj0vsvlvyxcrw1fpmx-gcc-arm-embedded-12.2.rel1/bin/../lib/gcc/arm-none-eabi/12.2.1/thumb/v7-m/nofp/crti.o
LOAD /nix/store/g29lld3lmg7r15jj0vsvlvyxcrw1fpmx-gcc-arm-embedded-12.2.rel1/bin/../lib/gcc/arm-none-eabi/12.2.1/thumb/v7-m/nofp/crtbegin.o
LOAD /nix/store/g29lld3lmg7r15jj0vsvlvyxcrw1fpmx-gcc-arm-embedded-12.2.rel1/bin/../lib/gcc/arm-none-eabi/12.2.1/../../../../arm-none-eabi/lib/thumb/v7-m/nofp/crt0.o
LOAD build/nrf24.o
LOAD build/nrf24_hal.o
LOAD build/main.o
LOAD build/stm32f1xx_it.o
LOAD build/stm32f1xx_hal_msp.o
LOAD build/stm32f1xx_hal_gpio_ex.o
LOAD build/stm32f1xx_hal_spi.o
LOAD build/stm32f1xx_hal.o
LOAD build/stm32f1xx_hal_rcc.o
LOAD build/stm32f1xx_hal_rcc_ex.o
LOAD build/stm32f1xx_hal_gpio.o
LOAD build/stm32f1xx_hal_dma.o
LOAD build/stm32f1xx_hal_cortex.o
LOAD build/stm32f1xx_hal_pwr.o
LOAD build/stm32f1xx_hal_flash.o
LOAD build/stm32f1xx_hal_flash_ex.o
LOAD build/stm32f1xx_hal_exti.o
LOAD build/stm32f1xx_hal_tim.o
LOAD build/stm32f1xx_hal_tim_ex.o
LOAD build/system_stm32f1xx.o
LOAD build/gpio.o
LOAD build/spi.o
LOAD build/adc.o
LOAD build/stm32f1xx_hal_adc.o
LOAD build/stm32f1xx_hal_adc_ex.o
LOAD build/stm32f1xx_hal_pcd.o
LOAD build/stm32f1xx_hal_pcd_ex.o
LOAD build/stm32f1xx_ll_usb.o
LOAD build/usb.o
LOAD build/startup_stm32f103xb.o
LOAD /nix/store/g29lld3lmg7r15jj0vsvlvyxcrw1fpmx-gcc-arm-embedded-12.2.rel1/bin/../lib/gcc/arm-none-eabi/12.2.1/../../../../arm-none-eabi/lib/thumb/v7-m/nofp/libc_nano.a
LOAD /nix/store/g29lld3lmg7r15jj0vsvlvyxcrw1fpmx-gcc-arm-embedded-12.2.rel1/bin/../lib/gcc/arm-none-eabi/12.2.1/../../../../arm-none-eabi/lib/thumb/v7-m/nofp/libm.a
LOAD /nix/store/g29lld3lmg7r15jj0vsvlvyxcrw1fpmx-gcc-arm-embedded-12.2.rel1/bin/../lib/gcc/arm-none-eabi/12.2.1/../../../../arm-none-eabi/lib/thumb/v7-m/nofp/libnosys.a
START GROUP
LOAD /nix/store/g29lld3lmg7r15jj0vsvlvyxcrw1fpmx-gcc-arm-embedded-12.2.rel1/bin/../lib/gcc/arm-none-eabi/12.2.1/thumb/v7-m/nofp/libgcc.a
LOAD /nix/store/g29lld3lmg7r15jj0vsvlvyxcrw1fpmx-gcc-arm-embedded-12.2.rel1/bin/../lib/gcc/arm-none-eabi/12.2.1/../../../../arm-none-eabi/lib/thumb/v7-m/nofp/libc_nano.a
END GROUP
START GROUP
LOAD /nix/store/g29lld3lmg7r15jj0vsvlvyxcrw1fpmx-gcc-arm-embedded-12.2.rel1/bin/../lib/gcc/arm-none-eabi/12.2.1/thumb/v7-m/nofp/libgcc.a
LOAD /nix/store/g29lld3lmg7r15jj0vsvlvyxcrw1fpmx-gcc-arm-embedded-12.2.rel1/bin/../lib/gcc/arm-none-eabi/12.2.1/../../../../arm-none-eabi/lib/thumb/v7-m/nofp/libc_nano.a
END GROUP
LOAD /nix/store/g29lld3lmg7r15jj0vsvlvyxcrw1fpmx-gcc-arm-embedded-12.2.rel1/bin/../lib/gcc/arm-none-eabi/12.2.1/thumb/v7-m/nofp/crtend.o
LOAD /nix/store/g29lld3lmg7r15jj0vsvlvyxcrw1fpmx-gcc-arm-embedded-12.2.rel1/bin/../lib/gcc/arm-none-eabi/12.2.1/thumb/v7-m/nofp/crtn.o
                0x0000000020005000                _estack = (ORIGIN (RAM) + LENGTH (RAM))
                0x0000000000000200                _Min_Heap_Size = 0x200
                0x0000000000000400                _Min_Stack_Size = 0x400

.isr_vector     0x0000000008000000      0x10c
                0x0000000008000000                . = ALIGN (0x4)
 *(.isr_vector)
 .isr_vector    0x0000000008000000      0x10c build/startup_stm32f103xb.o
                0x0000000008000000                g_pfnVectors
                0x000000000800010c                . = ALIGN (0x4)

.text           0x000000000800010c     0x2368
                0x000000000800010c                . = ALIGN (0x4)
 *(.text)
 *(.text*)
 .text.deregister_tm_clones
                0x000000000800010c       0x1c /nix/store/g29lld3lmg7r15jj0vsvlvyxcrw1fpmx-gcc-arm-embedded-12.2.rel1/bin/../lib/gcc/arm-none-eabi/12.2.1/thumb/v7-m/nofp/crtbegin.o
 .text.register_tm_clones
                0x0000000008000128       0x24 /nix/store/g29lld3lmg7r15jj0vsvlvyxcrw1fpmx-gcc-arm-embedded-12.2.rel1/bin/../lib/gcc/arm-none-eabi/12.2.1/thumb/v7-m/nofp/crtbegin.o
 .text.__do_global_dtors_aux
                0x000000000800014c       0x28 /nix/store/g29lld3lmg7r15jj0vsvlvyxcrw1fpmx-gcc-arm-embedded-12.2.rel1/bin/../lib/gcc/arm-none-eabi/12.2.1/thumb/v7-m/nofp/crtbegin.o
 .text.frame_dummy
                0x0000000008000174       0x24 /nix/store/g29lld3lmg7r15jj0vsvlvyxcrw1fpmx-gcc-arm-embedded-12.2.rel1/bin/../lib/gcc/arm-none-eabi/12.2.1/thumb/v7-m/nofp/crtbegin.o
 .text.nRF24_WriteReg
                0x0000000008000198       0x48 build/nrf24.o
 .text.nRF24_WriteMBReg
                0x00000000080001e0       0x30 build/nrf24.o
 .text.nRF24_ReadMBReg
                0x0000000008000210       0x34 build/nrf24.o
 .text.nRF24_ReadReg
                0x0000000008000244       0x20 build/nrf24.o
 .text.nRF24_Check
                0x0000000008000264       0x48 build/nrf24.o
                0x0000000008000264                nRF24_Check
 .text.nRF24_SetPowerMode
                0x00000000080002ac       0x22 build/nrf24.o
                0x00000000080002ac                nRF24_SetPowerMode
 .text.nRF24_SetOperationalMode
                0x00000000080002ce       0x1c build/nrf24.o
                0x00000000080002ce                nRF24_SetOperationalMode
 .text.nRF24_SetRFChannel
                0x00000000080002ea        0xc build/nrf24.o
                0x00000000080002ea                nRF24_SetRFChannel
 .text.nRF24_SetAddrWidth
                0x00000000080002f6        0xe build/nrf24.o
                0x00000000080002f6                nRF24_SetAddrWidth
 .text.nRF24_SetTXPower
                0x0000000008000304       0x18 build/nrf24.o
                0x0000000008000304                nRF24_SetTXPower
 .text.nRF24_SetDataRate
                0x000000000800031c       0x18 build/nrf24.o
                0x000000000800031c                nRF24_SetDataRate
 .text.nRF24_DisableAA
                0x0000000008000334       0x2e build/nrf24.o
                0x0000000008000334                nRF24_DisableAA
 .text.nRF24_GetAddrWidth
                0x0000000008000362        0xe build/nrf24.o
                0x0000000008000362                nRF24_GetAddrWidth
 .text.nRF24_SetAddr
                0x0000000008000370       0x40 build/nrf24.o
                0x0000000008000370                nRF24_SetAddr
 .text.nRF24_GetStatus
                0x00000000080003b0        0xa build/nrf24.o
                0x00000000080003b0                nRF24_GetStatus
 .text.nRF24_FlushTX
                0x00000000080003ba        0xc build/nrf24.o
                0x00000000080003ba                nRF24_FlushTX
 .text.nRF24_FlushRX
                0x00000000080003c6        0xc build/nrf24.o
                0x00000000080003c6                nRF24_FlushRX
 .text.nRF24_ClearIRQFlags
                0x00000000080003d2       0x16 build/nrf24.o
                0x00000000080003d2                nRF24_ClearIRQFlags
 .text.nRF24_Init
                0x00000000080003e8      0x104 build/nrf24.o
                0x00000000080003e8                nRF24_Init
 .text.nRF24_WritePayload
                0x00000000080004ec        0xe build/nrf24.o
                0x00000000080004ec                nRF24_WritePayload
 *fill*         0x00000000080004fa        0x2 
 .text.nRF24_LL_RW
                0x00000000080004fc       0x3c build/nrf24_hal.o
                0x00000000080004fc                nRF24_LL_RW
 .text.Error_Handler
                0x0000000008000538        0x4 build/main.o
                0x0000000008000538                Error_Handler
 .text.SystemClock_Config
                0x000000000800053c       0x88 build/main.o
                0x000000000800053c                SystemClock_Config
 .text.main     0x00000000080005c4      0x268 build/main.o
                0x00000000080005c4                main
 .text.NMI_Handler
                0x000000000800082c        0x2 build/stm32f1xx_it.o
                0x000000000800082c                NMI_Handler
 .text.HardFault_Handler
                0x000000000800082e        0x2 build/stm32f1xx_it.o
                0x000000000800082e                HardFault_Handler
 .text.MemManage_Handler
                0x0000000008000830        0x2 build/stm32f1xx_it.o
                0x0000000008000830                MemManage_Handler
 .text.BusFault_Handler
                0x0000000008000832        0x2 build/stm32f1xx_it.o
                0x0000000008000832                BusFault_Handler
 .text.UsageFault_Handler
                0x0000000008000834        0x2 build/stm32f1xx_it.o
                0x0000000008000834                UsageFault_Handler
 .text.SVC_Handler
                0x0000000008000836        0x2 build/stm32f1xx_it.o
                0x0000000008000836                SVC_Handler
 .text.DebugMon_Handler
                0x0000000008000838        0x2 build/stm32f1xx_it.o
                0x0000000008000838                DebugMon_Handler
 .text.PendSV_Handler
                0x000000000800083a        0x2 build/stm32f1xx_it.o
                0x000000000800083a                PendSV_Handler
 .text.SysTick_Handler
                0x000000000800083c        0x8 build/stm32f1xx_it.o
                0x000000000800083c                SysTick_Handler
 .text.EXTI0_IRQHandler
                0x0000000008000844        0xa build/stm32f1xx_it.o
                0x0000000008000844                EXTI0_IRQHandler
 *fill*         0x000000000800084e        0x2 
 .text.HAL_MspInit
                0x0000000008000850       0x44 build/stm32f1xx_hal_msp.o
                0x0000000008000850                HAL_MspInit
 .text.SPI_WaitFlagStateUntilTimeout
                0x0000000008000894       0xc8 build/stm32f1xx_hal_spi.o
 .text.SPI_EndRxTxTransaction
                0x000000000800095c       0x24 build/stm32f1xx_hal_spi.o
 .text.HAL_SPI_Init
                0x0000000008000980       0xb6 build/stm32f1xx_hal_spi.o
                0x0000000008000980                HAL_SPI_Init
 .text.HAL_SPI_TransmitReceive
                0x0000000008000a36      0x244 build/stm32f1xx_hal_spi.o
                0x0000000008000a36                HAL_SPI_TransmitReceive
 *fill*         0x0000000008000c7a        0x2 
 .text.HAL_InitTick
                0x0000000008000c7c       0x4c build/stm32f1xx_hal.o
                0x0000000008000c7c                HAL_InitTick
 .text.HAL_Init
                0x0000000008000cc8       0x24 build/stm32f1xx_hal.o
                0x0000000008000cc8                HAL_Init
 .text.HAL_IncTick
                0x0000000008000cec       0x18 build/stm32f1xx_hal.o
                0x0000000008000cec                HAL_IncTick
 .text.HAL_GetTick
                0x0000000008000d04        0xc build/stm32f1xx_hal.o
                0x0000000008000d04                HAL_GetTick
 .text.HAL_Delay
                0x0000000008000d10       0x28 build/stm32f1xx_hal.o
                0x0000000008000d10                HAL_Delay
 .text.RCC_Delay
                0x0000000008000d38       0x2c build/stm32f1xx_hal_rcc.o
 .text.HAL_RCC_OscConfig
                0x0000000008000d64      0x410 build/stm32f1xx_hal_rcc.o
                0x0000000008000d64                HAL_RCC_OscConfig
 .text.HAL_RCC_GetSysClockFreq
                0x0000000008001174       0x54 build/stm32f1xx_hal_rcc.o
                0x0000000008001174                HAL_RCC_GetSysClockFreq
 .text.HAL_RCC_ClockConfig
                0x00000000080011c8      0x16c build/stm32f1xx_hal_rcc.o
                0x00000000080011c8                HAL_RCC_ClockConfig
 .text.HAL_RCC_GetHCLKFreq
                0x0000000008001334        0xc build/stm32f1xx_hal_rcc.o
                0x0000000008001334                HAL_RCC_GetHCLKFreq
 .text.HAL_RCC_GetPCLK2Freq
                0x0000000008001340       0x20 build/stm32f1xx_hal_rcc.o
                0x0000000008001340                HAL_RCC_GetPCLK2Freq
 .text.HAL_RCCEx_PeriphCLKConfig
                0x0000000008001360      0x118 build/stm32f1xx_hal_rcc_ex.o
                0x0000000008001360                HAL_RCCEx_PeriphCLKConfig
 .text.HAL_RCCEx_GetPeriphCLKFreq
                0x0000000008001478       0xd8 build/stm32f1xx_hal_rcc_ex.o
                0x0000000008001478                HAL_RCCEx_GetPeriphCLKFreq
 .text.HAL_GPIO_Init
                0x0000000008001550      0x21c build/stm32f1xx_hal_gpio.o
                0x0000000008001550                HAL_GPIO_Init
 .text.HAL_GPIO_ReadPin
                0x000000000800176c        0xe build/stm32f1xx_hal_gpio.o
                0x000000000800176c                HAL_GPIO_ReadPin
 .text.HAL_GPIO_WritePin
                0x000000000800177a        0xc build/stm32f1xx_hal_gpio.o
                0x000000000800177a                HAL_GPIO_WritePin
 .text.HAL_GPIO_EXTI_Callback
                0x0000000008001786        0x2 build/stm32f1xx_hal_gpio.o
                0x0000000008001786                HAL_GPIO_EXTI_Callback
 .text.HAL_GPIO_EXTI_IRQHandler
                0x0000000008001788       0x1c build/stm32f1xx_hal_gpio.o
                0x0000000008001788                HAL_GPIO_EXTI_IRQHandler
 .text.__NVIC_SetPriority
                0x00000000080017a4       0x28 build/stm32f1xx_hal_cortex.o
 .text.NVIC_EncodePriority
                0x00000000080017cc       0x3e build/stm32f1xx_hal_cortex.o
 *fill*         0x000000000800180a        0x2 
 .text.HAL_NVIC_SetPriorityGrouping
                0x000000000800180c       0x24 build/stm32f1xx_hal_cortex.o
                0x000000000800180c                HAL_NVIC_SetPriorityGrouping
 .text.HAL_NVIC_SetPriority
                0x0000000008001830       0x20 build/stm32f1xx_hal_cortex.o
                0x0000000008001830                HAL_NVIC_SetPriority
 .text.HAL_NVIC_EnableIRQ
                0x0000000008001850       0x1c build/stm32f1xx_hal_cortex.o
                0x0000000008001850                HAL_NVIC_EnableIRQ
 .text.HAL_SYSTICK_Config
                0x000000000800186c       0x28 build/stm32f1xx_hal_cortex.o
                0x000000000800186c                HAL_SYSTICK_Config
 .text.SystemInit
                0x0000000008001894        0x2 build/system_stm32f1xx.o
                0x0000000008001894                SystemInit
 *fill*         0x0000000008001896        0x2 
 .text.MX_GPIO_Init
                0x0000000008001898      0x128 build/gpio.o
                0x0000000008001898                MX_GPIO_Init
 .text.MX_SPI1_Init
                0x00000000080019c0       0x40 build/spi.o
                0x00000000080019c0                MX_SPI1_Init
 .text.HAL_SPI_MspInit
                0x0000000008001a00       0x74 build/spi.o
                0x0000000008001a00                HAL_SPI_MspInit
 .text.MX_ADC1_Init
                0x0000000008001a74       0x90 build/adc.o
                0x0000000008001a74                MX_ADC1_Init
 .text.HAL_ADC_MspInit
                0x0000000008001b04       0x60 build/adc.o
                0x0000000008001b04                HAL_ADC_MspInit
 .text.HAL_ADC_PollForConversion
                0x0000000008001b64      0x184 build/stm32f1xx_hal_adc.o
                0x0000000008001b64                HAL_ADC_PollForConversion
 .text.HAL_ADC_GetValue
                0x0000000008001ce8        0x6 build/stm32f1xx_hal_adc.o
                0x0000000008001ce8                HAL_ADC_GetValue
 *fill*         0x0000000008001cee        0x2 
 .text.HAL_ADC_ConfigChannel
                0x0000000008001cf0      0x140 build/stm32f1xx_hal_adc.o
                0x0000000008001cf0                HAL_ADC_ConfigChannel
 .text.ADC_Enable
                0x0000000008001e30       0x88 build/stm32f1xx_hal_adc.o
                0x0000000008001e30                ADC_Enable
 .text.HAL_ADC_Start
                0x0000000008001eb8       0xe8 build/stm32f1xx_hal_adc.o
                0x0000000008001eb8                HAL_ADC_Start
 .text.ADC_ConversionStop_Disable
                0x0000000008001fa0       0x56 build/stm32f1xx_hal_adc.o
                0x0000000008001fa0                ADC_ConversionStop_Disable
 *fill*         0x0000000008001ff6        0x2 
 .text.HAL_ADC_Init
                0x0000000008001ff8      0x108 build/stm32f1xx_hal_adc.o
                0x0000000008001ff8                HAL_ADC_Init
 .text.HAL_ADCEx_Calibration_Start
                0x0000000008002100      0x100 build/stm32f1xx_hal_adc_ex.o
                0x0000000008002100                HAL_ADCEx_Calibration_Start
 .text.HAL_PCD_Init
                0x0000000008002200      0x110 build/stm32f1xx_hal_pcd.o
                0x0000000008002200                HAL_PCD_Init
 .text.USB_CoreInit
                0x0000000008002310        0xe build/stm32f1xx_ll_usb.o
                0x0000000008002310                USB_CoreInit
 .text.USB_DisableGlobalInt
                0x000000000800231e       0x14 build/stm32f1xx_ll_usb.o
                0x000000000800231e                USB_DisableGlobalInt
 .text.USB_SetCurrentMode
                0x0000000008002332        0x4 build/stm32f1xx_ll_usb.o
                0x0000000008002332                USB_SetCurrentMode
 .text.USB_DevInit
                0x0000000008002336       0x22 build/stm32f1xx_ll_usb.o
                0x0000000008002336                USB_DevInit
 .text.USB_DevDisconnect
                0x0000000008002358        0x4 build/stm32f1xx_ll_usb.o
                0x0000000008002358                USB_DevDisconnect
 .text.MX_USB_PCD_Init
                0x000000000800235c       0x30 build/usb.o
                0x000000000800235c                MX_USB_PCD_Init
 .text.HAL_PCD_MspInit
                0x000000000800238c       0x2c build/usb.o
                0x000000000800238c                HAL_PCD_MspInit
 .text.Reset_Handler
                0x00000000080023b8       0x48 build/startup_stm32f103xb.o
                0x00000000080023b8                Reset_Handler
 .text.Default_Handler
                0x0000000008002400        0x2 build/startup_stm32f103xb.o
                0x0000000008002400                RTC_Alarm_IRQHandler
                0x0000000008002400                EXTI2_IRQHandler
                0x0000000008002400                TIM1_CC_IRQHandler
                0x0000000008002400                PVD_IRQHandler
                0x0000000008002400                EXTI3_IRQHandler
                0x0000000008002400                I2C2_EV_IRQHandler
                0x0000000008002400                ADC1_2_IRQHandler
                0x0000000008002400                SPI1_IRQHandler
                0x0000000008002400                TAMPER_IRQHandler
                0x0000000008002400                DMA1_Channel4_IRQHandler
                0x0000000008002400                USART3_IRQHandler
                0x0000000008002400                RTC_IRQHandler
                0x0000000008002400                DMA1_Channel7_IRQHandler
                0x0000000008002400                CAN1_RX1_IRQHandler
                0x0000000008002400                TIM4_IRQHandler
                0x0000000008002400                I2C1_EV_IRQHandler
                0x0000000008002400                DMA1_Channel6_IRQHandler
                0x0000000008002400                TIM3_IRQHandler
                0x0000000008002400                RCC_IRQHandler
                0x0000000008002400                TIM1_TRG_COM_IRQHandler
                0x0000000008002400                DMA1_Channel1_IRQHandler
                0x0000000008002400                Default_Handler
                0x0000000008002400                EXTI15_10_IRQHandler
                0x0000000008002400                EXTI9_5_IRQHandler
                0x0000000008002400                SPI2_IRQHandler
                0x0000000008002400                DMA1_Channel5_IRQHandler
                0x0000000008002400                EXTI4_IRQHandler
                0x0000000008002400                USB_LP_CAN1_RX0_IRQHandler
                0x0000000008002400                USB_HP_CAN1_TX_IRQHandler
                0x0000000008002400                DMA1_Channel3_IRQHandler
                0x0000000008002400                TIM1_UP_IRQHandler
                0x0000000008002400                WWDG_IRQHandler
                0x0000000008002400                TIM2_IRQHandler
                0x0000000008002400                TIM1_BRK_IRQHandler
                0x0000000008002400                EXTI1_IRQHandler
                0x0000000008002400                USART2_IRQHandler
                0x0000000008002400                I2C2_ER_IRQHandler
                0x0000000008002400                DMA1_Channel2_IRQHandler
                0x0000000008002400                CAN1_SCE_IRQHandler
                0x0000000008002400                FLASH_IRQHandler
                0x0000000008002400                USART1_IRQHandler
                0x0000000008002400                I2C1_ER_IRQHandler
                0x0000000008002400                USBWakeUp_IRQHandler
 *fill*         0x0000000008002402        0x2 
 .text.__libc_init_array
                0x0000000008002404       0x48 /nix/store/g29lld3lmg7r15jj0vsvlvyxcrw1fpmx-gcc-arm-embedded-12.2.rel1/bin/../lib/gcc/arm-none-eabi/12.2.1/../../../../arm-none-eabi/lib/thumb/v7-m/nofp/libc_nano.a(libc_a-init.o)
                0x0000000008002404                __libc_init_array
 .text.memset   0x000000000800244c       0x10 /nix/store/g29lld3lmg7r15jj0vsvlvyxcrw1fpmx-gcc-arm-embedded-12.2.rel1/bin/../lib/gcc/arm-none-eabi/12.2.1/../../../../arm-none-eabi/lib/thumb/v7-m/nofp/libc_nano.a(libc_a-memset.o)
                0x000000000800244c                memset
 *(.glue_7)
 .glue_7        0x000000000800245c        0x0 linker stubs
 *(.glue_7t)
 .glue_7t       0x000000000800245c        0x0 linker stubs
 *(.eh_frame)
 .eh_frame      0x000000000800245c        0x0 /nix/store/g29lld3lmg7r15jj0vsvlvyxcrw1fpmx-gcc-arm-embedded-12.2.rel1/bin/../lib/gcc/arm-none-eabi/12.2.1/thumb/v7-m/nofp/crtbegin.o
 *(.init)
 .init          0x000000000800245c        0x4 /nix/store/g29lld3lmg7r15jj0vsvlvyxcrw1fpmx-gcc-arm-embedded-12.2.rel1/bin/../lib/gcc/arm-none-eabi/12.2.1/thumb/v7-m/nofp/crti.o
                0x000000000800245c                _init
 .init          0x0000000008002460        0x8 /nix/store/g29lld3lmg7r15jj0vsvlvyxcrw1fpmx-gcc-arm-embedded-12.2.rel1/bin/../lib/gcc/arm-none-eabi/12.2.1/thumb/v7-m/nofp/crtn.o
 *(.fini)
 .fini          0x0000000008002468        0x4 /nix/store/g29lld3lmg7r15jj0vsvlvyxcrw1fpmx-gcc-arm-embedded-12.2.rel1/bin/../lib/gcc/arm-none-eabi/12.2.1/thumb/v7-m/nofp/crti.o
                0x0000000008002468                _fini
 .fini          0x000000000800246c        0x8 /nix/store/g29lld3lmg7r15jj0vsvlvyxcrw1fpmx-gcc-arm-embedded-12.2.rel1/bin/../lib/gcc/arm-none-eabi/12.2.1/thumb/v7-m/nofp/crtn.o
                0x0000000008002474                . = ALIGN (0x4)
                0x0000000008002474                _etext = .

.vfp11_veneer   0x0000000008002474        0x0
 .vfp11_veneer  0x0000000008002474        0x0 linker stubs

.v4_bx          0x0000000008002474        0x0
 .v4_bx         0x0000000008002474        0x0 linker stubs

.iplt           0x0000000008002474        0x0
 .iplt          0x0000000008002474        0x0 /nix/store/g29lld3lmg7r15jj0vsvlvyxcrw1fpmx-gcc-arm-embedded-12.2.rel1/bin/../lib/gcc/arm-none-eabi/12.2.1/thumb/v7-m/nofp/crtbegin.o

.rodata         0x0000000008002474       0x58
                0x0000000008002474                . = ALIGN (0x4)
 *(.rodata)
 .rodata        0x0000000008002474        0x6 build/main.o
 *(.rodata*)
 *fill*         0x000000000800247a        0x2 
 .rodata.nRF24_Check.str1.4
                0x000000000800247c        0x6 build/nrf24.o
 *fill*         0x0000000008002482        0x2 
 .rodata.nRF24_ADDR_REGS
                0x0000000008002484        0x7 build/nrf24.o
 *fill*         0x000000000800248b        0x1 
 .rodata.aPredivFactorTable.0
                0x000000000800248c        0x2 build/stm32f1xx_hal_rcc.o
 *fill*         0x000000000800248e        0x2 
 .rodata.aPLLMULFactorTable.1
                0x0000000008002490       0x10 build/stm32f1xx_hal_rcc.o
 .rodata.aPredivFactorTable.0
                0x00000000080024a0        0x2 build/stm32f1xx_hal_rcc_ex.o
 *fill*         0x00000000080024a2        0x2 
 .rodata.aPLLMULFactorTable.1
                0x00000000080024a4       0x10 build/stm32f1xx_hal_rcc_ex.o
 .rodata.APBPrescTable
                0x00000000080024b4        0x8 build/system_stm32f1xx.o
                0x00000000080024b4                APBPrescTable
 .rodata.AHBPrescTable
                0x00000000080024bc       0x10 build/system_stm32f1xx.o
                0x00000000080024bc                AHBPrescTable
                0x00000000080024cc                . = ALIGN (0x4)

.rel.dyn        0x00000000080024cc        0x0
 .rel.iplt      0x00000000080024cc        0x0 /nix/store/g29lld3lmg7r15jj0vsvlvyxcrw1fpmx-gcc-arm-embedded-12.2.rel1/bin/../lib/gcc/arm-none-eabi/12.2.1/thumb/v7-m/nofp/crtbegin.o

.ARM.extab
 *(.ARM.extab* .gnu.linkonce.armextab.*)

.ARM            0x00000000080024cc        0x0
                0x00000000080024cc                __exidx_start = .
 *(.ARM.exidx*)
                0x00000000080024cc                __exidx_end = .

.preinit_array  0x00000000080024cc        0x0
                0x00000000080024cc                PROVIDE (__preinit_array_start = .)
 *(.preinit_array*)
                0x00000000080024cc                PROVIDE (__preinit_array_end = .)

.init_array     0x00000000080024cc        0x4
                0x00000000080024cc                PROVIDE (__init_array_start = .)
 *(SORT_BY_NAME(.init_array.*))
 *(.init_array*)
 .init_array    0x00000000080024cc        0x4 /nix/store/g29lld3lmg7r15jj0vsvlvyxcrw1fpmx-gcc-arm-embedded-12.2.rel1/bin/../lib/gcc/arm-none-eabi/12.2.1/thumb/v7-m/nofp/crtbegin.o
                0x00000000080024d0                PROVIDE (__init_array_end = .)

.fini_array     0x00000000080024d0        0x4
                [!provide]                        PROVIDE (__fini_array_start = .)
 *(SORT_BY_NAME(.fini_array.*))
 *(.fini_array*)
 .fini_array    0x00000000080024d0        0x4 /nix/store/g29lld3lmg7r15jj0vsvlvyxcrw1fpmx-gcc-arm-embedded-12.2.rel1/bin/../lib/gcc/arm-none-eabi/12.2.1/thumb/v7-m/nofp/crtbegin.o
                [!provide]                        PROVIDE (__fini_array_end = .)
                0x00000000080024d4                _sidata = LOADADDR (.data)

.data           0x0000000020000000        0xc load address 0x00000000080024d4
                0x0000000020000000                . = ALIGN (0x4)
                0x0000000020000000                _sdata = .
 *(.data)
 *(.data*)
 .data.uwTickFreq
                0x0000000020000000        0x1 build/stm32f1xx_hal.o
                0x0000000020000000                uwTickFreq
 *fill*         0x0000000020000001        0x3 
 .data.uwTickPrio
                0x0000000020000004        0x4 build/stm32f1xx_hal.o
                0x0000000020000004                uwTickPrio
 .data.SystemCoreClock
                0x0000000020000008        0x4 build/system_stm32f1xx.o
                0x0000000020000008                SystemCoreClock
                0x000000002000000c                . = ALIGN (0x4)
                0x000000002000000c                _edata = .

.tm_clone_table
                0x000000002000000c        0x0 load address 0x00000000080024e0
 .tm_clone_table
                0x000000002000000c        0x0 /nix/store/g29lld3lmg7r15jj0vsvlvyxcrw1fpmx-gcc-arm-embedded-12.2.rel1/bin/../lib/gcc/arm-none-eabi/12.2.1/thumb/v7-m/nofp/crtbegin.o
 .tm_clone_table
                0x000000002000000c        0x0 /nix/store/g29lld3lmg7r15jj0vsvlvyxcrw1fpmx-gcc-arm-embedded-12.2.rel1/bin/../lib/gcc/arm-none-eabi/12.2.1/thumb/v7-m/nofp/crtend.o

.igot.plt       0x000000002000000c        0x0 load address 0x00000000080024e0
 .igot.plt      0x000000002000000c        0x0 /nix/store/g29lld3lmg7r15jj0vsvlvyxcrw1fpmx-gcc-arm-embedded-12.2.rel1/bin/../lib/gcc/arm-none-eabi/12.2.1/thumb/v7-m/nofp/crtbegin.o
                0x000000002000000c                . = ALIGN (0x4)

.bss            0x000000002000000c      0x3a0 load address 0x00000000080024e0
                0x000000002000000c                _sbss = .
                0x000000002000000c                __bss_start__ = _sbss
 *(.bss)
 *(.bss*)
 .bss.completed.1
                0x000000002000000c        0x1 /nix/store/g29lld3lmg7r15jj0vsvlvyxcrw1fpmx-gcc-arm-embedded-12.2.rel1/bin/../lib/gcc/arm-none-eabi/12.2.1/thumb/v7-m/nofp/crtbegin.o
 *fill*         0x000000002000000d        0x3 
 .bss.object.0  0x0000000020000010       0x18 /nix/store/g29lld3lmg7r15jj0vsvlvyxcrw1fpmx-gcc-arm-embedded-12.2.rel1/bin/../lib/gcc/arm-none-eabi/12.2.1/thumb/v7-m/nofp/crtbegin.o
 .bss.msg_tx    0x0000000020000028        0x8 build/main.o
                0x0000000020000028                msg_tx
 .bss.uwTick    0x0000000020000030        0x4 build/stm32f1xx_hal.o
                0x0000000020000030                uwTick
 .bss.hspi1     0x0000000020000034       0x58 build/spi.o
                0x0000000020000034                hspi1
 .bss.hadc1     0x000000002000008c       0x30 build/adc.o
                0x000000002000008c                hadc1
 .bss.hpcd_USB_FS
                0x00000000200000bc      0x2f0 build/usb.o
                0x00000000200000bc                hpcd_USB_FS
 *(COMMON)
                0x00000000200003ac                . = ALIGN (0x4)
                0x00000000200003ac                _ebss = .
                0x00000000200003ac                __bss_end__ = _ebss

._user_heap_stack
                0x00000000200003ac      0x604 load address 0x00000000080024e0
                0x00000000200003b0                . = ALIGN (0x8)
 *fill*         0x00000000200003ac        0x4 
                0x00000000200003b0                PROVIDE (end = .)
                [!provide]                        PROVIDE (_end = .)
                0x00000000200005b0                . = (. + _Min_Heap_Size)
 *fill*         0x00000000200003b0      0x200 
                0x00000000200009b0                . = (. + _Min_Stack_Size)
 *fill*         0x00000000200005b0      0x400 
                0x00000000200009b0                . = ALIGN (0x8)

/DISCARD/
 libc.a(*)
 libm.a(*)
 libgcc.a(*)

.ARM.attributes
                0x0000000000000000       0x29
 *(.ARM.attributes)
 .ARM.attributes
                0x0000000000000000       0x1d /nix/store/g29lld3lmg7r15jj0vsvlvyxcrw1fpmx-gcc-arm-embedded-12.2.rel1/bin/../lib/gcc/arm-none-eabi/12.2.1/thumb/v7-m/nofp/crti.o
 .ARM.attributes
                0x000000000000001d       0x2d /nix/store/g29lld3lmg7r15jj0vsvlvyxcrw1fpmx-gcc-arm-embedded-12.2.rel1/bin/../lib/gcc/arm-none-eabi/12.2.1/thumb/v7-m/nofp/crtbegin.o
 .ARM.attributes
                0x000000000000004a       0x2d build/nrf24.o
 .ARM.attributes
                0x0000000000000077       0x2d build/nrf24_hal.o
 .ARM.attributes
                0x00000000000000a4       0x2d build/main.o
 .ARM.attributes
                0x00000000000000d1       0x2d build/stm32f1xx_it.o
 .ARM.attributes
                0x00000000000000fe       0x2d build/stm32f1xx_hal_msp.o
 .ARM.attributes
                0x000000000000012b       0x2d build/stm32f1xx_hal_spi.o
 .ARM.attributes
                0x0000000000000158       0x2d build/stm32f1xx_hal.o
 .ARM.attributes
                0x0000000000000185       0x2d build/stm32f1xx_hal_rcc.o
 .ARM.attributes
                0x00000000000001b2       0x2d build/stm32f1xx_hal_rcc_ex.o
 .ARM.attributes
                0x00000000000001df       0x2d build/stm32f1xx_hal_gpio.o
 .ARM.attributes
                0x000000000000020c       0x2d build/stm32f1xx_hal_cortex.o
 .ARM.attributes
                0x0000000000000239       0x2d build/system_stm32f1xx.o
 .ARM.attributes
                0x0000000000000266       0x2d build/gpio.o
 .ARM.attributes
                0x0000000000000293       0x2d build/spi.o
 .ARM.attributes
                0x00000000000002c0       0x2d build/adc.o
 .ARM.attributes
                0x00000000000002ed       0x2d build/stm32f1xx_hal_adc.o
 .ARM.attributes
                0x000000000000031a       0x2d build/stm32f1xx_hal_adc_ex.o
 .ARM.attributes
                0x0000000000000347       0x2d build/stm32f1xx_hal_pcd.o
 .ARM.attributes
                0x0000000000000374       0x2d build/stm32f1xx_ll_usb.o
 .ARM.attributes
                0x00000000000003a1       0x2d build/usb.o
 .ARM.attributes
                0x00000000000003ce       0x21 build/startup_stm32f103xb.o
 .ARM.attributes
                0x00000000000003ef       0x2d /nix/store/g29lld3lmg7r15jj0vsvlvyxcrw1fpmx-gcc-arm-embedded-12.2.rel1/bin/../lib/gcc/arm-none-eabi/12.2.1/../../../../arm-none-eabi/lib/thumb/v7-m/nofp/libc_nano.a(libc_a-init.o)
 .ARM.attributes
                0x000000000000041c       0x2d /nix/store/g29lld3lmg7r15jj0vsvlvyxcrw1fpmx-gcc-arm-embedded-12.2.rel1/bin/../lib/gcc/arm-none-eabi/12.2.1/../../../../arm-none-eabi/lib/thumb/v7-m/nofp/libc_nano.a(libc_a-memset.o)
 .ARM.attributes
                0x0000000000000449       0x2d /nix/store/g29lld3lmg7r15jj0vsvlvyxcrw1fpmx-gcc-arm-embedded-12.2.rel1/bin/../lib/gcc/arm-none-eabi/12.2.1/thumb/v7-m/nofp/crtend.o
 .ARM.attributes
                0x0000000000000476       0x1d /nix/store/g29lld3lmg7r15jj0vsvlvyxcrw1fpmx-gcc-arm-embedded-12.2.rel1/bin/../lib/gcc/arm-none-eabi/12.2.1/thumb/v7-m/nofp/crtn.o
OUTPUT(build/remote_firmware.elf elf32-littlearm)
LOAD linker stubs
LOAD /nix/store/g29lld3lmg7r15jj0vsvlvyxcrw1fpmx-gcc-arm-embedded-12.2.rel1/bin/../lib/gcc/arm-none-eabi/12.2.1/../../../../arm-none-eabi/lib/thumb/v7-m/nofp/libc.a
LOAD /nix/store/g29lld3lmg7r15jj0vsvlvyxcrw1fpmx-gcc-arm-embedded-12.2.rel1/bin/../lib/gcc/arm-none-eabi/12.2.1/../../../../arm-none-eabi/lib/thumb/v7-m/nofp/libm.a
LOAD /nix/store/g29lld3lmg7r15jj0vsvlvyxcrw1fpmx-gcc-arm-embedded-12.2.rel1/bin/../lib/gcc/arm-none-eabi/12.2.1/thumb/v7-m/nofp/libgcc.a

.debug_info     0x0000000000000000     0xf789
 .debug_info    0x0000000000000000     0x1211 build/nrf24.o
 .debug_info    0x0000000000001211      0x6e1 build/nrf24_hal.o
 .debug_info    0x00000000000018f2     0x106d build/main.o
 .debug_info    0x000000000000295f      0x1b0 build/stm32f1xx_it.o
 .debug_info    0x0000000000002b0f      0x238 build/stm32f1xx_hal_msp.o
 .debug_info    0x0000000000002d47     0x1f11 build/stm32f1xx_hal_spi.o
 .debug_info    0x0000000000004c58      0x880 build/stm32f1xx_hal.o
 .debug_info    0x00000000000054d8      0xb10 build/stm32f1xx_hal_rcc.o
 .debug_info    0x0000000000005fe8      0x47d build/stm32f1xx_hal_rcc_ex.o
 .debug_info    0x0000000000006465      0x6d7 build/stm32f1xx_hal_gpio.o
 .debug_info    0x0000000000006b3c      0xe13 build/stm32f1xx_hal_cortex.o
 .debug_info    0x000000000000794f      0x26e build/system_stm32f1xx.o
 .debug_info    0x0000000000007bbd      0x5f2 build/gpio.o
 .debug_info    0x00000000000081af      0x966 build/spi.o
 .debug_info    0x0000000000008b15      0x9ba build/adc.o
 .debug_info    0x00000000000094cf     0x108e build/stm32f1xx_hal_adc.o
 .debug_info    0x000000000000a55d      0xda2 build/stm32f1xx_hal_adc_ex.o
 .debug_info    0x000000000000b2ff     0x1f56 build/stm32f1xx_hal_pcd.o
 .debug_info    0x000000000000d255     0x1d27 build/stm32f1xx_ll_usb.o
 .debug_info    0x000000000000ef7c      0x7dd build/usb.o
 .debug_info    0x000000000000f759       0x30 build/startup_stm32f103xb.o

.debug_abbrev   0x0000000000000000     0x2be8
 .debug_abbrev  0x0000000000000000      0x2b6 build/nrf24.o
 .debug_abbrev  0x00000000000002b6      0x19e build/nrf24_hal.o
 .debug_abbrev  0x0000000000000454      0x32c build/main.o
 .debug_abbrev  0x0000000000000780       0xc2 build/stm32f1xx_it.o
 .debug_abbrev  0x0000000000000842       0xe7 build/stm32f1xx_hal_msp.o
 .debug_abbrev  0x0000000000000929      0x2c6 build/stm32f1xx_hal_spi.o
 .debug_abbrev  0x0000000000000bef      0x232 build/stm32f1xx_hal.o
 .debug_abbrev  0x0000000000000e21      0x2d6 build/stm32f1xx_hal_rcc.o
 .debug_abbrev  0x00000000000010f7      0x1d4 build/stm32f1xx_hal_rcc_ex.o
 .debug_abbrev  0x00000000000012cb      0x222 build/stm32f1xx_hal_gpio.o
 .debug_abbrev  0x00000000000014ed      0x3aa build/stm32f1xx_hal_cortex.o
 .debug_abbrev  0x0000000000001897      0x140 build/system_stm32f1xx.o
 .debug_abbrev  0x00000000000019d7      0x16c build/gpio.o
 .debug_abbrev  0x0000000000001b43      0x1f6 build/spi.o
 .debug_abbrev  0x0000000000001d39      0x1f6 build/adc.o
 .debug_abbrev  0x0000000000001f2f      0x282 build/stm32f1xx_hal_adc.o
 .debug_abbrev  0x00000000000021b1      0x297 build/stm32f1xx_hal_adc_ex.o
 .debug_abbrev  0x0000000000002448      0x32d build/stm32f1xx_hal_pcd.o
 .debug_abbrev  0x0000000000002775      0x262 build/stm32f1xx_ll_usb.o
 .debug_abbrev  0x00000000000029d7      0x1f4 build/usb.o
 .debug_abbrev  0x0000000000002bcb       0x1d build/startup_stm32f103xb.o

.debug_loc      0x0000000000000000     0xa13d
 .debug_loc     0x0000000000000000      0xf4d build/nrf24.o
 .debug_loc     0x0000000000000f4d       0x5b build/nrf24_hal.o
 .debug_loc     0x0000000000000fa8      0x173 build/main.o
 .debug_loc     0x000000000000111b       0x40 build/stm32f1xx_it.o
 .debug_loc     0x000000000000115b       0x41 build/stm32f1xx_hal_msp.o
 .debug_loc     0x000000000000119c     0x2568 build/stm32f1xx_hal_spi.o
 .debug_loc     0x0000000000003704      0x1e1 build/stm32f1xx_hal.o
 .debug_loc     0x00000000000038e5      0x790 build/stm32f1xx_hal_rcc.o
 .debug_loc     0x0000000000004075      0x495 build/stm32f1xx_hal_rcc_ex.o
 .debug_loc     0x000000000000450a      0x53c build/stm32f1xx_hal_gpio.o
 .debug_loc     0x0000000000004a46      0x782 build/stm32f1xx_hal_cortex.o
 .debug_loc     0x00000000000051c8       0xff build/system_stm32f1xx.o
 .debug_loc     0x00000000000052c7       0x39 build/gpio.o
 .debug_loc     0x0000000000005300      0x108 build/spi.o
 .debug_loc     0x0000000000005408      0x12c build/adc.o
 .debug_loc     0x0000000000005534      0xe64 build/stm32f1xx_hal_adc.o
 .debug_loc     0x0000000000006398      0xa4c build/stm32f1xx_hal_adc_ex.o
 .debug_loc     0x0000000000006de4     0x18cc build/stm32f1xx_hal_pcd.o
 .debug_loc     0x00000000000086b0     0x1a41 build/stm32f1xx_ll_usb.o
 .debug_loc     0x000000000000a0f1       0x4c build/usb.o

.debug_aranges  0x0000000000000000      0xb28
 .debug_aranges
                0x0000000000000000      0x118 build/nrf24.o
 .debug_aranges
                0x0000000000000118       0x28 build/nrf24_hal.o
 .debug_aranges
                0x0000000000000140       0x30 build/main.o
 .debug_aranges
                0x0000000000000170       0x68 build/stm32f1xx_it.o
 .debug_aranges
                0x00000000000001d8       0x20 build/stm32f1xx_hal_msp.o
 .debug_aranges
                0x00000000000001f8      0x1d0 build/stm32f1xx_hal_spi.o
 .debug_aranges
                0x00000000000003c8       0xe0 build/stm32f1xx_hal.o
 .debug_aranges
                0x00000000000004a8       0x90 build/stm32f1xx_hal_rcc.o
 .debug_aranges
                0x0000000000000538       0x30 build/stm32f1xx_hal_rcc_ex.o
 .debug_aranges
                0x0000000000000568       0x58 build/stm32f1xx_hal_gpio.o
 .debug_aranges
                0x00000000000005c0       0xc0 build/stm32f1xx_hal_cortex.o
 .debug_aranges
                0x0000000000000680       0x28 build/system_stm32f1xx.o
 .debug_aranges
                0x00000000000006a8       0x20 build/gpio.o
 .debug_aranges
                0x00000000000006c8       0x30 build/spi.o
 .debug_aranges
                0x00000000000006f8       0x30 build/adc.o
 .debug_aranges
                0x0000000000000728       0xf0 build/stm32f1xx_hal_adc.o
 .debug_aranges
                0x0000000000000818       0x80 build/stm32f1xx_hal_adc_ex.o
 .debug_aranges
                0x0000000000000898      0x140 build/stm32f1xx_hal_pcd.o
 .debug_aranges
                0x00000000000009d8       0xf8 build/stm32f1xx_ll_usb.o
 .debug_aranges
                0x0000000000000ad0       0x30 build/usb.o
 .debug_aranges
                0x0000000000000b00       0x28 build/startup_stm32f103xb.o

.debug_ranges   0x0000000000000000      0xd48
 .debug_ranges  0x0000000000000000      0x108 build/nrf24.o
 .debug_ranges  0x0000000000000108       0x18 build/nrf24_hal.o
 .debug_ranges  0x0000000000000120       0x38 build/main.o
 .debug_ranges  0x0000000000000158       0x58 build/stm32f1xx_it.o
 .debug_ranges  0x00000000000001b0       0x10 build/stm32f1xx_hal_msp.o
 .debug_ranges  0x00000000000001c0      0x1c0 build/stm32f1xx_hal_spi.o
 .debug_ranges  0x0000000000000380       0xd0 build/stm32f1xx_hal.o
 .debug_ranges  0x0000000000000450       0xa0 build/stm32f1xx_hal_rcc.o
 .debug_ranges  0x00000000000004f0       0x38 build/stm32f1xx_hal_rcc_ex.o
 .debug_ranges  0x0000000000000528       0x48 build/stm32f1xx_hal_gpio.o
 .debug_ranges  0x0000000000000570       0xb0 build/stm32f1xx_hal_cortex.o
 .debug_ranges  0x0000000000000620       0x18 build/system_stm32f1xx.o
 .debug_ranges  0x0000000000000638       0x10 build/gpio.o
 .debug_ranges  0x0000000000000648       0x20 build/spi.o
 .debug_ranges  0x0000000000000668       0x20 build/adc.o
 .debug_ranges  0x0000000000000688       0xe0 build/stm32f1xx_hal_adc.o
 .debug_ranges  0x0000000000000768       0x70 build/stm32f1xx_hal_adc_ex.o
 .debug_ranges  0x00000000000007d8      0x210 build/stm32f1xx_hal_pcd.o
 .debug_ranges  0x00000000000009e8      0x320 build/stm32f1xx_ll_usb.o
 .debug_ranges  0x0000000000000d08       0x20 build/usb.o
 .debug_ranges  0x0000000000000d28       0x20 build/startup_stm32f103xb.o

.debug_line     0x0000000000000000     0xb88a
 .debug_line    0x0000000000000000      0x8d5 build/nrf24.o
 .debug_line    0x00000000000008d5      0x222 build/nrf24_hal.o
 .debug_line    0x0000000000000af7      0x5ea build/main.o
 .debug_line    0x00000000000010e1      0x28f build/stm32f1xx_it.o
 .debug_line    0x0000000000001370      0x188 build/stm32f1xx_hal_msp.o
 .debug_line    0x00000000000014f8     0x24ed build/stm32f1xx_hal_spi.o
 .debug_line    0x00000000000039e5      0x53a build/stm32f1xx_hal.o
 .debug_line    0x0000000000003f1f      0xc22 build/stm32f1xx_hal_rcc.o
 .debug_line    0x0000000000004b41      0x497 build/stm32f1xx_hal_rcc_ex.o
 .debug_line    0x0000000000004fd8      0x5b7 build/stm32f1xx_hal_gpio.o
 .debug_line    0x000000000000558f      0x6dd build/stm32f1xx_hal_cortex.o
 .debug_line    0x0000000000005c6c      0x252 build/system_stm32f1xx.o
 .debug_line    0x0000000000005ebe      0x287 build/gpio.o
 .debug_line    0x0000000000006145      0x31a build/spi.o
 .debug_line    0x000000000000645f      0x34f build/adc.o
 .debug_line    0x00000000000067ae      0xedf build/stm32f1xx_hal_adc.o
 .debug_line    0x000000000000768d      0xbae build/stm32f1xx_hal_adc_ex.o
 .debug_line    0x000000000000823b     0x19f6 build/stm32f1xx_hal_pcd.o
 .debug_line    0x0000000000009c31     0x1956 build/stm32f1xx_ll_usb.o
 .debug_line    0x000000000000b587      0x28f build/usb.o
 .debug_line    0x000000000000b816       0x74 build/startup_stm32f103xb.o

.debug_str      0x0000000000000000     0x3286
 .debug_str     0x0000000000000000      0x528 build/nrf24.o
                                        0x58b (size before relaxing)
 .debug_str     0x0000000000000528      0x3f9 build/nrf24_hal.o
                                        0x5c3 (size before relaxing)
 .debug_str     0x0000000000000921      0x4f5 build/main.o
                                        0xa8a (size before relaxing)
 .debug_str     0x0000000000000e16       0xde build/stm32f1xx_it.o
                                        0x238 (size before relaxing)
 .debug_str     0x0000000000000ef4       0x98 build/stm32f1xx_hal_msp.o
                                        0x1f7 (size before relaxing)
 .debug_str     0x0000000000000f8c      0x58c build/stm32f1xx_hal_spi.o
                                        0xb3f (size before relaxing)
 .debug_str     0x0000000000001518      0x5cd build/stm32f1xx_hal.o
                                        0x806 (size before relaxing)
 .debug_str     0x0000000000001ae5      0x21d build/stm32f1xx_hal_rcc.o
                                        0x603 (size before relaxing)
 .debug_str     0x0000000000001d02       0x9c build/stm32f1xx_hal_rcc_ex.o
                                        0x3ab (size before relaxing)
 .debug_str     0x0000000000001d9e       0xfb build/stm32f1xx_hal_gpio.o
                                        0x3d8 (size before relaxing)
 .debug_str     0x0000000000001e99      0x3ae build/stm32f1xx_hal_cortex.o
                                        0x8ab (size before relaxing)
 .debug_str     0x0000000000002247       0x4f build/system_stm32f1xx.o
                                        0x22c (size before relaxing)
 .debug_str     0x0000000000002296       0x20 build/gpio.o
                                        0x56a (size before relaxing)
 .debug_str     0x00000000000022b6       0x19 build/spi.o
                                        0x675 (size before relaxing)
 .debug_str     0x00000000000022cf       0x7d build/adc.o
                                        0x609 (size before relaxing)
 .debug_str     0x000000000000234c      0x2ca build/stm32f1xx_hal_adc.o
                                        0x8b2 (size before relaxing)
 .debug_str     0x0000000000002616      0x272 build/stm32f1xx_hal_adc_ex.o
                                        0x895 (size before relaxing)
 .debug_str     0x0000000000002888      0x881 build/stm32f1xx_hal_pcd.o
                                        0xaf0 (size before relaxing)
 .debug_str     0x0000000000003109      0x126 build/stm32f1xx_ll_usb.o
                                        0x6f2 (size before relaxing)
 .debug_str     0x000000000000322f       0x25 build/usb.o
                                        0x5ca (size before relaxing)
 .debug_str     0x0000000000003254       0x32 build/startup_stm32f103xb.o
                                         0x63 (size before relaxing)

.comment        0x0000000000000000       0x45
 .comment       0x0000000000000000       0x45 build/nrf24.o
                                         0x46 (size before relaxing)
 .comment       0x0000000000000045       0x46 build/nrf24_hal.o
 .comment       0x0000000000000045       0x46 build/main.o
 .comment       0x0000000000000045       0x46 build/stm32f1xx_it.o
 .comment       0x0000000000000045       0x46 build/stm32f1xx_hal_msp.o
 .comment       0x0000000000000045       0x46 build/stm32f1xx_hal_spi.o
 .comment       0x0000000000000045       0x46 build/stm32f1xx_hal.o
 .comment       0x0000000000000045       0x46 build/stm32f1xx_hal_rcc.o
 .comment       0x0000000000000045       0x46 build/stm32f1xx_hal_rcc_ex.o
 .comment       0x0000000000000045       0x46 build/stm32f1xx_hal_gpio.o
 .comment       0x0000000000000045       0x46 build/stm32f1xx_hal_cortex.o
 .comment       0x0000000000000045       0x46 build/system_stm32f1xx.o
 .comment       0x0000000000000045       0x46 build/gpio.o
 .comment       0x0000000000000045       0x46 build/spi.o
 .comment       0x0000000000000045       0x46 build/adc.o
 .comment       0x0000000000000045       0x46 build/stm32f1xx_hal_adc.o
 .comment       0x0000000000000045       0x46 build/stm32f1xx_hal_adc_ex.o
 .comment       0x0000000000000045       0x46 build/stm32f1xx_hal_pcd.o
 .comment       0x0000000000000045       0x46 build/stm32f1xx_ll_usb.o
 .comment       0x0000000000000045       0x46 build/usb.o

.debug_frame    0x0000000000000000     0x1c28
 .debug_frame   0x0000000000000000      0x340 build/nrf24.o
 .debug_frame   0x0000000000000340       0x3c build/nrf24_hal.o
 .debug_frame   0x000000000000037c       0x5c build/main.o
 .debug_frame   0x00000000000003d8       0xc0 build/stm32f1xx_it.o
 .debug_frame   0x0000000000000498       0x28 build/stm32f1xx_hal_msp.o
 .debug_frame   0x00000000000004c0      0x5ac build/stm32f1xx_hal_spi.o
 .debug_frame   0x0000000000000a6c      0x1cc build/stm32f1xx_hal.o
 .debug_frame   0x0000000000000c38      0x184 build/stm32f1xx_hal_rcc.o
 .debug_frame   0x0000000000000dbc       0x5c build/stm32f1xx_hal_rcc_ex.o
 .debug_frame   0x0000000000000e18       0xe4 build/stm32f1xx_hal_gpio.o
 .debug_frame   0x0000000000000efc      0x19c build/stm32f1xx_hal_cortex.o
 .debug_frame   0x0000000000001098       0x30 build/system_stm32f1xx.o
 .debug_frame   0x00000000000010c8       0x38 build/gpio.o
 .debug_frame   0x0000000000001100       0x60 build/spi.o
 .debug_frame   0x0000000000001160       0x68 build/adc.o
 .debug_frame   0x00000000000011c8      0x2c8 build/stm32f1xx_hal_adc.o
 .debug_frame   0x0000000000001490      0x19c build/stm32f1xx_hal_adc_ex.o
 .debug_frame   0x000000000000162c      0x360 build/stm32f1xx_hal_pcd.o
 .debug_frame   0x000000000000198c      0x200 build/stm32f1xx_ll_usb.o
 .debug_frame   0x0000000000001b8c       0x50 build/usb.o
 .debug_frame   0x0000000000001bdc       0x2c /nix/store/g29lld3lmg7r15jj0vsvlvyxcrw1fpmx-gcc-arm-embedded-12.2.rel1/bin/../lib/gcc/arm-none-eabi/12.2.1/../../../../arm-none-eabi/lib/thumb/v7-m/nofp/libc_nano.a(libc_a-init.o)
 .debug_frame   0x0000000000001c08       0x20 /nix/store/g29lld3lmg7r15jj0vsvlvyxcrw1fpmx-gcc-arm-embedded-12.2.rel1/bin/../lib/gcc/arm-none-eabi/12.2.1/../../../../arm-none-eabi/lib/thumb/v7-m/nofp/libc_nano.a(libc_a-memset.o)

Cross Reference Table

Symbol                                            File
ADC1_2_IRQHandler                                 build/startup_stm32f103xb.o
ADC_ConversionStop_Disable                        build/stm32f1xx_hal_adc.o
                                                  build/stm32f1xx_hal_adc_ex.o
ADC_DMAConvCplt                                   build/stm32f1xx_hal_adc.o
                                                  build/stm32f1xx_hal_adc_ex.o
ADC_DMAError                                      build/stm32f1xx_hal_adc.o
                                                  build/stm32f1xx_hal_adc_ex.o
ADC_DMAHalfConvCplt                               build/stm32f1xx_hal_adc.o
                                                  build/stm32f1xx_hal_adc_ex.o
ADC_Enable                                        build/stm32f1xx_hal_adc.o
                                                  build/stm32f1xx_hal_adc_ex.o
AHBPrescTable                                     build/system_stm32f1xx.o
                                                  build/stm32f1xx_hal_rcc.o
APBPrescTable                                     build/system_stm32f1xx.o
                                                  build/stm32f1xx_hal_rcc.o
BusFault_Handler                                  build/stm32f1xx_it.o
CAN1_RX1_IRQHandler                               build/startup_stm32f103xb.o
CAN1_SCE_IRQHandler                               build/startup_stm32f103xb.o
DMA1_Channel1_IRQHandler                          build/startup_stm32f103xb.o
DMA1_Channel2_IRQHandler                          build/startup_stm32f103xb.o
DMA1_Channel3_IRQHandler                          build/startup_stm32f103xb.o
DMA1_Channel4_IRQHandler                          build/startup_stm32f103xb.o
DMA1_Channel5_IRQHandler                          build/startup_stm32f103xb.o
DMA1_Channel6_IRQHandler                          build/startup_stm32f103xb.o
DMA1_Channel7_IRQHandler                          build/startup_stm32f103xb.o
DebugMon_Handler                                  build/stm32f1xx_it.o
Default_Handler                                   build/startup_stm32f103xb.o
EXTI0_IRQHandler                                  build/stm32f1xx_it.o
EXTI15_10_IRQHandler                              build/startup_stm32f103xb.o
EXTI1_IRQHandler                                  build/startup_stm32f103xb.o
EXTI2_IRQHandler                                  build/startup_stm32f103xb.o
EXTI3_IRQHandler                                  build/startup_stm32f103xb.o
EXTI4_IRQHandler                                  build/startup_stm32f103xb.o
EXTI9_5_IRQHandler                                build/startup_stm32f103xb.o
Error_Handler                                     build/main.o
                                                  build/usb.o
                                                  build/adc.o
                                                  build/spi.o
FLASH_IRQHandler                                  build/startup_stm32f103xb.o
FLASH_PageErase                                   build/stm32f1xx_hal_flash_ex.o
                                                  build/stm32f1xx_hal_flash.o
FLASH_WaitForLastOperation                        build/stm32f1xx_hal_flash.o
                                                  build/stm32f1xx_hal_flash_ex.o
HAL_ADCEx_Calibration_Start                       build/stm32f1xx_hal_adc_ex.o
                                                  build/main.o
HAL_ADCEx_InjectedConfigChannel                   build/stm32f1xx_hal_adc_ex.o
HAL_ADCEx_InjectedConvCpltCallback                build/stm32f1xx_hal_adc_ex.o
                                                  build/stm32f1xx_hal_adc.o
HAL_ADCEx_InjectedGetValue                        build/stm32f1xx_hal_adc_ex.o
HAL_ADCEx_InjectedPollForConversion               build/stm32f1xx_hal_adc_ex.o
HAL_ADCEx_InjectedStart                           build/stm32f1xx_hal_adc_ex.o
HAL_ADCEx_InjectedStart_IT                        build/stm32f1xx_hal_adc_ex.o
HAL_ADCEx_InjectedStop                            build/stm32f1xx_hal_adc_ex.o
HAL_ADCEx_InjectedStop_IT                         build/stm32f1xx_hal_adc_ex.o
HAL_ADCEx_MultiModeConfigChannel                  build/stm32f1xx_hal_adc_ex.o
HAL_ADCEx_MultiModeGetValue                       build/stm32f1xx_hal_adc_ex.o
HAL_ADCEx_MultiModeStart_DMA                      build/stm32f1xx_hal_adc_ex.o
HAL_ADCEx_MultiModeStop_DMA                       build/stm32f1xx_hal_adc_ex.o
HAL_ADC_AnalogWDGConfig                           build/stm32f1xx_hal_adc.o
HAL_ADC_ConfigChannel                             build/stm32f1xx_hal_adc.o
                                                  build/adc.o
HAL_ADC_ConvCpltCallback                          build/stm32f1xx_hal_adc.o
HAL_ADC_ConvHalfCpltCallback                      build/stm32f1xx_hal_adc.o
HAL_ADC_DeInit                                    build/stm32f1xx_hal_adc.o
HAL_ADC_ErrorCallback                             build/stm32f1xx_hal_adc.o
HAL_ADC_GetError                                  build/stm32f1xx_hal_adc.o
HAL_ADC_GetState                                  build/stm32f1xx_hal_adc.o
HAL_ADC_GetValue                                  build/stm32f1xx_hal_adc.o
                                                  build/main.o
HAL_ADC_IRQHandler                                build/stm32f1xx_hal_adc.o
HAL_ADC_Init                                      build/stm32f1xx_hal_adc.o
                                                  build/adc.o
HAL_ADC_LevelOutOfWindowCallback                  build/stm32f1xx_hal_adc.o
HAL_ADC_MspDeInit                                 build/adc.o
HAL_ADC_MspInit                                   build/adc.o
HAL_ADC_PollForConversion                         build/stm32f1xx_hal_adc.o
                                                  build/main.o
HAL_ADC_PollForEvent                              build/stm32f1xx_hal_adc.o
HAL_ADC_Start                                     build/stm32f1xx_hal_adc.o
                                                  build/main.o
HAL_ADC_Start_DMA                                 build/stm32f1xx_hal_adc.o
HAL_ADC_Start_IT                                  build/stm32f1xx_hal_adc.o
HAL_ADC_Stop                                      build/stm32f1xx_hal_adc.o
HAL_ADC_Stop_DMA                                  build/stm32f1xx_hal_adc.o
HAL_ADC_Stop_IT                                   build/stm32f1xx_hal_adc.o
HAL_DBGMCU_DisableDBGSleepMode                    build/stm32f1xx_hal.o
HAL_DBGMCU_DisableDBGStandbyMode                  build/stm32f1xx_hal.o
HAL_DBGMCU_DisableDBGStopMode                     build/stm32f1xx_hal.o
HAL_DBGMCU_EnableDBGSleepMode                     build/stm32f1xx_hal.o
HAL_DBGMCU_EnableDBGStandbyMode                   build/stm32f1xx_hal.o
HAL_DBGMCU_EnableDBGStopMode                      build/stm32f1xx_hal.o
HAL_DMA_Abort                                     build/stm32f1xx_hal_dma.o
                                                  build/stm32f1xx_hal_adc_ex.o
                                                  build/stm32f1xx_hal_adc.o
                                                  build/stm32f1xx_hal_spi.o
HAL_DMA_Abort_IT                                  build/stm32f1xx_hal_dma.o
                                                  build/stm32f1xx_hal_spi.o
HAL_DMA_DeInit                                    build/stm32f1xx_hal_dma.o
HAL_DMA_GetError                                  build/stm32f1xx_hal_dma.o
HAL_DMA_GetState                                  build/stm32f1xx_hal_dma.o
HAL_DMA_IRQHandler                                build/stm32f1xx_hal_dma.o
HAL_DMA_Init                                      build/stm32f1xx_hal_dma.o
HAL_DMA_PollForTransfer                           build/stm32f1xx_hal_dma.o
HAL_DMA_RegisterCallback                          build/stm32f1xx_hal_dma.o
HAL_DMA_Start                                     build/stm32f1xx_hal_dma.o
HAL_DMA_Start_IT                                  build/stm32f1xx_hal_dma.o
                                                  build/stm32f1xx_hal_adc_ex.o
                                                  build/stm32f1xx_hal_adc.o
                                                  build/stm32f1xx_hal_spi.o
HAL_DMA_UnRegisterCallback                        build/stm32f1xx_hal_dma.o
HAL_DeInit                                        build/stm32f1xx_hal.o
HAL_Delay                                         build/stm32f1xx_hal.o
                                                  build/main.o
HAL_EXTI_ClearConfigLine                          build/stm32f1xx_hal_exti.o
HAL_EXTI_ClearPending                             build/stm32f1xx_hal_exti.o
HAL_EXTI_GenerateSWI                              build/stm32f1xx_hal_exti.o
HAL_EXTI_GetConfigLine                            build/stm32f1xx_hal_exti.o
HAL_EXTI_GetHandle                                build/stm32f1xx_hal_exti.o
HAL_EXTI_GetPending                               build/stm32f1xx_hal_exti.o
HAL_EXTI_IRQHandler                               build/stm32f1xx_hal_exti.o
HAL_EXTI_RegisterCallback                         build/stm32f1xx_hal_exti.o
HAL_EXTI_SetConfigLine                            build/stm32f1xx_hal_exti.o
HAL_FLASHEx_Erase                                 build/stm32f1xx_hal_flash_ex.o
HAL_FLASHEx_Erase_IT                              build/stm32f1xx_hal_flash_ex.o
HAL_FLASHEx_OBErase                               build/stm32f1xx_hal_flash_ex.o
HAL_FLASHEx_OBGetConfig                           build/stm32f1xx_hal_flash_ex.o
HAL_FLASHEx_OBGetUserData                         build/stm32f1xx_hal_flash_ex.o
HAL_FLASHEx_OBProgram                             build/stm32f1xx_hal_flash_ex.o
HAL_FLASH_EndOfOperationCallback                  build/stm32f1xx_hal_flash.o
HAL_FLASH_GetError                                build/stm32f1xx_hal_flash.o
HAL_FLASH_IRQHandler                              build/stm32f1xx_hal_flash.o
HAL_FLASH_Lock                                    build/stm32f1xx_hal_flash.o
HAL_FLASH_OB_Launch                               build/stm32f1xx_hal_flash.o
HAL_FLASH_OB_Lock                                 build/stm32f1xx_hal_flash.o
HAL_FLASH_OB_Unlock                               build/stm32f1xx_hal_flash.o
HAL_FLASH_OperationErrorCallback                  build/stm32f1xx_hal_flash.o
HAL_FLASH_Program                                 build/stm32f1xx_hal_flash.o
HAL_FLASH_Program_IT                              build/stm32f1xx_hal_flash.o
HAL_FLASH_Unlock                                  build/stm32f1xx_hal_flash.o
HAL_GPIOEx_ConfigEventout                         build/stm32f1xx_hal_gpio_ex.o
HAL_GPIOEx_DisableEventout                        build/stm32f1xx_hal_gpio_ex.o
HAL_GPIOEx_EnableEventout                         build/stm32f1xx_hal_gpio_ex.o
HAL_GPIO_DeInit                                   build/stm32f1xx_hal_gpio.o
                                                  build/adc.o
                                                  build/spi.o
HAL_GPIO_EXTI_Callback                            build/stm32f1xx_hal_gpio.o
HAL_GPIO_EXTI_IRQHandler                          build/stm32f1xx_hal_gpio.o
                                                  build/stm32f1xx_it.o
HAL_GPIO_Init                                     build/stm32f1xx_hal_gpio.o
                                                  build/adc.o
                                                  build/spi.o
                                                  build/gpio.o
                                                  build/stm32f1xx_hal_rcc.o
HAL_GPIO_LockPin                                  build/stm32f1xx_hal_gpio.o
HAL_GPIO_ReadPin                                  build/stm32f1xx_hal_gpio.o
                                                  build/main.o
HAL_GPIO_TogglePin                                build/stm32f1xx_hal_gpio.o
HAL_GPIO_WritePin                                 build/stm32f1xx_hal_gpio.o
                                                  build/gpio.o
HAL_GetDEVID                                      build/stm32f1xx_hal.o
HAL_GetHalVersion                                 build/stm32f1xx_hal.o
HAL_GetREVID                                      build/stm32f1xx_hal.o
HAL_GetTick                                       build/stm32f1xx_hal.o
                                                  build/stm32f1xx_hal_adc_ex.o
                                                  build/stm32f1xx_hal_adc.o
                                                  build/stm32f1xx_hal_flash.o
                                                  build/stm32f1xx_hal_dma.o
                                                  build/stm32f1xx_hal_rcc_ex.o
                                                  build/stm32f1xx_hal_rcc.o
                                                  build/stm32f1xx_hal_spi.o
                                                  build/main.o
HAL_GetTickFreq                                   build/stm32f1xx_hal.o
HAL_GetTickPrio                                   build/stm32f1xx_hal.o
HAL_GetUIDw0                                      build/stm32f1xx_hal.o
HAL_GetUIDw1                                      build/stm32f1xx_hal.o
HAL_GetUIDw2                                      build/stm32f1xx_hal.o
HAL_IncTick                                       build/stm32f1xx_hal.o
                                                  build/stm32f1xx_it.o
HAL_Init                                          build/stm32f1xx_hal.o
                                                  build/main.o
HAL_InitTick                                      build/stm32f1xx_hal.o
                                                  build/stm32f1xx_hal_rcc.o
HAL_MspDeInit                                     build/stm32f1xx_hal.o
HAL_MspInit                                       build/stm32f1xx_hal_msp.o
HAL_NVIC_ClearPendingIRQ                          build/stm32f1xx_hal_cortex.o
HAL_NVIC_DisableIRQ                               build/stm32f1xx_hal_cortex.o
HAL_NVIC_EnableIRQ                                build/stm32f1xx_hal_cortex.o
                                                  build/gpio.o
HAL_NVIC_GetActive                                build/stm32f1xx_hal_cortex.o
HAL_NVIC_GetPendingIRQ                            build/stm32f1xx_hal_cortex.o
HAL_NVIC_GetPriority                              build/stm32f1xx_hal_cortex.o
HAL_NVIC_GetPriorityGrouping                      build/stm32f1xx_hal_cortex.o
HAL_NVIC_SetPendingIRQ                            build/stm32f1xx_hal_cortex.o
HAL_NVIC_SetPriority                              build/stm32f1xx_hal_cortex.o
                                                  build/gpio.o
                                                  build/stm32f1xx_hal.o
HAL_NVIC_SetPriorityGrouping                      build/stm32f1xx_hal_cortex.o
                                                  build/stm32f1xx_hal.o
HAL_NVIC_SystemReset                              build/stm32f1xx_hal_cortex.o
                                                  build/stm32f1xx_hal_flash.o
HAL_PCDEx_BCD_Callback                            build/stm32f1xx_hal_pcd_ex.o
HAL_PCDEx_LPM_Callback                            build/stm32f1xx_hal_pcd_ex.o
HAL_PCDEx_PMAConfig                               build/stm32f1xx_hal_pcd_ex.o
HAL_PCDEx_SetConnectionState                      build/stm32f1xx_hal_pcd_ex.o
                                                  build/stm32f1xx_hal_pcd.o
HAL_PCD_ActivateRemoteWakeup                      build/stm32f1xx_hal_pcd.o
HAL_PCD_ConnectCallback                           build/stm32f1xx_hal_pcd.o
HAL_PCD_DataInStageCallback                       build/stm32f1xx_hal_pcd.o
HAL_PCD_DataOutStageCallback                      build/stm32f1xx_hal_pcd.o
HAL_PCD_DeActivateRemoteWakeup                    build/stm32f1xx_hal_pcd.o
HAL_PCD_DeInit                                    build/stm32f1xx_hal_pcd.o
HAL_PCD_DevConnect                                build/stm32f1xx_hal_pcd.o
HAL_PCD_DevDisconnect                             build/stm32f1xx_hal_pcd.o
HAL_PCD_DisconnectCallback                        build/stm32f1xx_hal_pcd.o
HAL_PCD_EP_Abort                                  build/stm32f1xx_hal_pcd.o
HAL_PCD_EP_Close                                  build/stm32f1xx_hal_pcd.o
HAL_PCD_EP_ClrStall                               build/stm32f1xx_hal_pcd.o
HAL_PCD_EP_Flush                                  build/stm32f1xx_hal_pcd.o
HAL_PCD_EP_GetRxCount                             build/stm32f1xx_hal_pcd.o
HAL_PCD_EP_Open                                   build/stm32f1xx_hal_pcd.o
HAL_PCD_EP_Receive                                build/stm32f1xx_hal_pcd.o
HAL_PCD_EP_SetStall                               build/stm32f1xx_hal_pcd.o
HAL_PCD_EP_Transmit                               build/stm32f1xx_hal_pcd.o
HAL_PCD_GetState                                  build/stm32f1xx_hal_pcd.o
HAL_PCD_IRQHandler                                build/stm32f1xx_hal_pcd.o
HAL_PCD_ISOINIncompleteCallback                   build/stm32f1xx_hal_pcd.o
HAL_PCD_ISOOUTIncompleteCallback                  build/stm32f1xx_hal_pcd.o
HAL_PCD_Init                                      build/stm32f1xx_hal_pcd.o
                                                  build/usb.o
HAL_PCD_MspDeInit                                 build/usb.o
                                                  build/stm32f1xx_hal_pcd.o
HAL_PCD_MspInit                                   build/usb.o
                                                  build/stm32f1xx_hal_pcd.o
HAL_PCD_ResetCallback                             build/stm32f1xx_hal_pcd.o
HAL_PCD_ResumeCallback                            build/stm32f1xx_hal_pcd.o
HAL_PCD_SOFCallback                               build/stm32f1xx_hal_pcd.o
HAL_PCD_SetAddress                                build/stm32f1xx_hal_pcd.o
HAL_PCD_SetupStageCallback                        build/stm32f1xx_hal_pcd.o
HAL_PCD_Start                                     build/stm32f1xx_hal_pcd.o
HAL_PCD_Stop                                      build/stm32f1xx_hal_pcd.o
HAL_PCD_SuspendCallback                           build/stm32f1xx_hal_pcd.o
HAL_PCD_WKUP_IRQHandler                           build/stm32f1xx_hal_pcd.o
HAL_PWR_ConfigPVD                                 build/stm32f1xx_hal_pwr.o
HAL_PWR_DeInit                                    build/stm32f1xx_hal_pwr.o
HAL_PWR_DisableBkUpAccess                         build/stm32f1xx_hal_pwr.o
HAL_PWR_DisablePVD                                build/stm32f1xx_hal_pwr.o
HAL_PWR_DisableSEVOnPend                          build/stm32f1xx_hal_pwr.o
HAL_PWR_DisableSleepOnExit                        build/stm32f1xx_hal_pwr.o
HAL_PWR_DisableWakeUpPin                          build/stm32f1xx_hal_pwr.o
HAL_PWR_EnableBkUpAccess                          build/stm32f1xx_hal_pwr.o
HAL_PWR_EnablePVD                                 build/stm32f1xx_hal_pwr.o
HAL_PWR_EnableSEVOnPend                           build/stm32f1xx_hal_pwr.o
HAL_PWR_EnableSleepOnExit                         build/stm32f1xx_hal_pwr.o
HAL_PWR_EnableWakeUpPin                           build/stm32f1xx_hal_pwr.o
HAL_PWR_EnterSLEEPMode                            build/stm32f1xx_hal_pwr.o
HAL_PWR_EnterSTANDBYMode                          build/stm32f1xx_hal_pwr.o
HAL_PWR_EnterSTOPMode                             build/stm32f1xx_hal_pwr.o
HAL_PWR_PVDCallback                               build/stm32f1xx_hal_pwr.o
HAL_PWR_PVD_IRQHandler                            build/stm32f1xx_hal_pwr.o
HAL_RCCEx_GetPeriphCLKConfig                      build/stm32f1xx_hal_rcc_ex.o
HAL_RCCEx_GetPeriphCLKFreq                        build/stm32f1xx_hal_rcc_ex.o
                                                  build/stm32f1xx_hal_adc_ex.o
                                                  build/stm32f1xx_hal_adc.o
HAL_RCCEx_PeriphCLKConfig                         build/stm32f1xx_hal_rcc_ex.o
                                                  build/main.o
HAL_RCC_CSSCallback                               build/stm32f1xx_hal_rcc.o
HAL_RCC_ClockConfig                               build/stm32f1xx_hal_rcc.o
                                                  build/main.o
HAL_RCC_DeInit                                    build/stm32f1xx_hal_rcc.o
HAL_RCC_DisableCSS                                build/stm32f1xx_hal_rcc.o
HAL_RCC_EnableCSS                                 build/stm32f1xx_hal_rcc.o
HAL_RCC_GetClockConfig                            build/stm32f1xx_hal_rcc.o
HAL_RCC_GetHCLKFreq                               build/stm32f1xx_hal_rcc.o
HAL_RCC_GetOscConfig                              build/stm32f1xx_hal_rcc.o
HAL_RCC_GetPCLK1Freq                              build/stm32f1xx_hal_rcc.o
HAL_RCC_GetPCLK2Freq                              build/stm32f1xx_hal_rcc.o
                                                  build/stm32f1xx_hal_rcc_ex.o
HAL_RCC_GetSysClockFreq                           build/stm32f1xx_hal_rcc.o
HAL_RCC_MCOConfig                                 build/stm32f1xx_hal_rcc.o
HAL_RCC_NMI_IRQHandler                            build/stm32f1xx_hal_rcc.o
HAL_RCC_OscConfig                                 build/stm32f1xx_hal_rcc.o
                                                  build/main.o
HAL_ResumeTick                                    build/stm32f1xx_hal.o
HAL_SPI_Abort                                     build/stm32f1xx_hal_spi.o
HAL_SPI_AbortCpltCallback                         build/stm32f1xx_hal_spi.o
HAL_SPI_Abort_IT                                  build/stm32f1xx_hal_spi.o
HAL_SPI_DMAPause                                  build/stm32f1xx_hal_spi.o
HAL_SPI_DMAResume                                 build/stm32f1xx_hal_spi.o
HAL_SPI_DMAStop                                   build/stm32f1xx_hal_spi.o
HAL_SPI_DeInit                                    build/stm32f1xx_hal_spi.o
HAL_SPI_ErrorCallback                             build/stm32f1xx_hal_spi.o
HAL_SPI_GetError                                  build/stm32f1xx_hal_spi.o
HAL_SPI_GetState                                  build/stm32f1xx_hal_spi.o
HAL_SPI_IRQHandler                                build/stm32f1xx_hal_spi.o
HAL_SPI_Init                                      build/stm32f1xx_hal_spi.o
                                                  build/spi.o
HAL_SPI_MspDeInit                                 build/spi.o
                                                  build/stm32f1xx_hal_spi.o
HAL_SPI_MspInit                                   build/spi.o
                                                  build/stm32f1xx_hal_spi.o
HAL_SPI_Receive                                   build/stm32f1xx_hal_spi.o
HAL_SPI_Receive_DMA                               build/stm32f1xx_hal_spi.o
HAL_SPI_Receive_IT                                build/stm32f1xx_hal_spi.o
HAL_SPI_RxCpltCallback                            build/stm32f1xx_hal_spi.o
HAL_SPI_RxHalfCpltCallback                        build/stm32f1xx_hal_spi.o
HAL_SPI_Transmit                                  build/stm32f1xx_hal_spi.o
HAL_SPI_TransmitReceive                           build/stm32f1xx_hal_spi.o
                                                  build/nrf24_hal.o
HAL_SPI_TransmitReceive_DMA                       build/stm32f1xx_hal_spi.o
HAL_SPI_TransmitReceive_IT                        build/stm32f1xx_hal_spi.o
HAL_SPI_Transmit_DMA                              build/stm32f1xx_hal_spi.o
HAL_SPI_Transmit_IT                               build/stm32f1xx_hal_spi.o
HAL_SPI_TxCpltCallback                            build/stm32f1xx_hal_spi.o
HAL_SPI_TxHalfCpltCallback                        build/stm32f1xx_hal_spi.o
HAL_SPI_TxRxCpltCallback                          build/stm32f1xx_hal_spi.o
HAL_SPI_TxRxHalfCpltCallback                      build/stm32f1xx_hal_spi.o
HAL_SYSTICK_CLKSourceConfig                       build/stm32f1xx_hal_cortex.o
HAL_SYSTICK_Callback                              build/stm32f1xx_hal_cortex.o
HAL_SYSTICK_Config                                build/stm32f1xx_hal_cortex.o
                                                  build/stm32f1xx_hal.o
HAL_SYSTICK_IRQHandler                            build/stm32f1xx_hal_cortex.o
HAL_SetTickFreq                                   build/stm32f1xx_hal.o
HAL_SuspendTick                                   build/stm32f1xx_hal.o
HardFault_Handler                                 build/stm32f1xx_it.o
I2C1_ER_IRQHandler                                build/startup_stm32f103xb.o
I2C1_EV_IRQHandler                                build/startup_stm32f103xb.o
I2C2_ER_IRQHandler                                build/startup_stm32f103xb.o
I2C2_EV_IRQHandler                                build/startup_stm32f103xb.o
MX_ADC1_Init                                      build/adc.o
                                                  build/main.o
MX_GPIO_Init                                      build/gpio.o
                                                  build/main.o
MX_SPI1_Init                                      build/spi.o
                                                  build/main.o
MX_USB_PCD_Init                                   build/usb.o
                                                  build/main.o
MemManage_Handler                                 build/stm32f1xx_it.o
NMI_Handler                                       build/stm32f1xx_it.o
PVD_IRQHandler                                    build/startup_stm32f103xb.o
PendSV_Handler                                    build/stm32f1xx_it.o
RCC_IRQHandler                                    build/startup_stm32f103xb.o
RTC_Alarm_IRQHandler                              build/startup_stm32f103xb.o
RTC_IRQHandler                                    build/startup_stm32f103xb.o
Reset_Handler                                     build/startup_stm32f103xb.o
SPI1_IRQHandler                                   build/startup_stm32f103xb.o
SPI2_IRQHandler                                   build/startup_stm32f103xb.o
SVC_Handler                                       build/stm32f1xx_it.o
SysTick_Handler                                   build/stm32f1xx_it.o
SystemClock_Config                                build/main.o
SystemCoreClock                                   build/system_stm32f1xx.o
                                                  build/stm32f1xx_hal_adc_ex.o
                                                  build/stm32f1xx_hal_adc.o
                                                  build/stm32f1xx_hal_rcc.o
                                                  build/stm32f1xx_hal.o
                                                  build/stm32f1xx_hal_spi.o
SystemCoreClockUpdate                             build/system_stm32f1xx.o
SystemInit                                        build/system_stm32f1xx.o
                                                  build/startup_stm32f103xb.o
TAMPER_IRQHandler                                 build/startup_stm32f103xb.o
TIM1_BRK_IRQHandler                               build/startup_stm32f103xb.o
TIM1_CC_IRQHandler                                build/startup_stm32f103xb.o
TIM1_TRG_COM_IRQHandler                           build/startup_stm32f103xb.o
TIM1_UP_IRQHandler                                build/startup_stm32f103xb.o
TIM2_IRQHandler                                   build/startup_stm32f103xb.o
TIM3_IRQHandler                                   build/startup_stm32f103xb.o
TIM4_IRQHandler                                   build/startup_stm32f103xb.o
USART1_IRQHandler                                 build/startup_stm32f103xb.o
USART2_IRQHandler                                 build/startup_stm32f103xb.o
USART3_IRQHandler                                 build/startup_stm32f103xb.o
USBWakeUp_IRQHandler                              build/startup_stm32f103xb.o
USB_ActivateEndpoint                              build/stm32f1xx_ll_usb.o
                                                  build/stm32f1xx_hal_pcd.o
USB_ActivateRemoteWakeup                          build/stm32f1xx_ll_usb.o
                                                  build/stm32f1xx_hal_pcd.o
USB_ClearInterrupts                               build/stm32f1xx_ll_usb.o
USB_CoreInit                                      build/stm32f1xx_ll_usb.o
                                                  build/stm32f1xx_hal_pcd.o
USB_DeActivateRemoteWakeup                        build/stm32f1xx_ll_usb.o
                                                  build/stm32f1xx_hal_pcd.o
USB_DeactivateEndpoint                            build/stm32f1xx_ll_usb.o
                                                  build/stm32f1xx_hal_pcd.o
USB_DevConnect                                    build/stm32f1xx_ll_usb.o
                                                  build/stm32f1xx_hal_pcd.o
USB_DevDisconnect                                 build/stm32f1xx_ll_usb.o
                                                  build/stm32f1xx_hal_pcd.o
USB_DevInit                                       build/stm32f1xx_ll_usb.o
                                                  build/stm32f1xx_hal_pcd.o
USB_DisableGlobalInt                              build/stm32f1xx_ll_usb.o
                                                  build/stm32f1xx_hal_pcd.o
USB_EP0_OutStart                                  build/stm32f1xx_ll_usb.o
                                                  build/stm32f1xx_hal_pcd.o
USB_EPClearStall                                  build/stm32f1xx_ll_usb.o
                                                  build/stm32f1xx_hal_pcd.o
USB_EPSetStall                                    build/stm32f1xx_ll_usb.o
                                                  build/stm32f1xx_hal_pcd.o
USB_EPStartXfer                                   build/stm32f1xx_ll_usb.o
                                                  build/stm32f1xx_hal_pcd.o
USB_EPStopXfer                                    build/stm32f1xx_ll_usb.o
                                                  build/stm32f1xx_hal_pcd.o
USB_EnableGlobalInt                               build/stm32f1xx_ll_usb.o
                                                  build/stm32f1xx_hal_pcd.o
USB_FlushRxFifo                                   build/stm32f1xx_ll_usb.o
                                                  build/stm32f1xx_hal_pcd.o
USB_FlushTxFifo                                   build/stm32f1xx_ll_usb.o
                                                  build/stm32f1xx_hal_pcd.o
USB_HP_CAN1_TX_IRQHandler                         build/startup_stm32f103xb.o
USB_LP_CAN1_RX0_IRQHandler                        build/startup_stm32f103xb.o
USB_ReadDevAllInEpInterrupt                       build/stm32f1xx_ll_usb.o
USB_ReadDevAllOutEpInterrupt                      build/stm32f1xx_ll_usb.o
USB_ReadDevInEPInterrupt                          build/stm32f1xx_ll_usb.o
USB_ReadDevOutEPInterrupt                         build/stm32f1xx_ll_usb.o
USB_ReadInterrupts                                build/stm32f1xx_ll_usb.o
                                                  build/stm32f1xx_hal_pcd.o
USB_ReadPMA                                       build/stm32f1xx_ll_usb.o
                                                  build/stm32f1xx_hal_pcd.o
USB_SetCurrentMode                                build/stm32f1xx_ll_usb.o
                                                  build/stm32f1xx_hal_pcd.o
USB_SetDevAddress                                 build/stm32f1xx_ll_usb.o
                                                  build/stm32f1xx_hal_pcd.o
USB_StopDevice                                    build/stm32f1xx_ll_usb.o
                                                  build/stm32f1xx_hal_pcd.o
USB_WritePMA                                      build/stm32f1xx_ll_usb.o
                                                  build/stm32f1xx_hal_pcd.o
UsageFault_Handler                                build/stm32f1xx_it.o
WWDG_IRQHandler                                   build/startup_stm32f103xb.o
_ITM_deregisterTMCloneTable                       /nix/store/g29lld3lmg7r15jj0vsvlvyxcrw1fpmx-gcc-arm-embedded-12.2.rel1/bin/../lib/gcc/arm-none-eabi/12.2.1/thumb/v7-m/nofp/crtbegin.o
_ITM_registerTMCloneTable                         /nix/store/g29lld3lmg7r15jj0vsvlvyxcrw1fpmx-gcc-arm-embedded-12.2.rel1/bin/../lib/gcc/arm-none-eabi/12.2.1/thumb/v7-m/nofp/crtbegin.o
__TMC_END__                                       /nix/store/g29lld3lmg7r15jj0vsvlvyxcrw1fpmx-gcc-arm-embedded-12.2.rel1/bin/../lib/gcc/arm-none-eabi/12.2.1/thumb/v7-m/nofp/crtend.o
                                                  /nix/store/g29lld3lmg7r15jj0vsvlvyxcrw1fpmx-gcc-arm-embedded-12.2.rel1/bin/../lib/gcc/arm-none-eabi/12.2.1/thumb/v7-m/nofp/crtbegin.o
__bss_end__                                       /nix/store/g29lld3lmg7r15jj0vsvlvyxcrw1fpmx-gcc-arm-embedded-12.2.rel1/bin/../lib/gcc/arm-none-eabi/12.2.1/../../../../arm-none-eabi/lib/thumb/v7-m/nofp/crt0.o
__bss_start__                                     /nix/store/g29lld3lmg7r15jj0vsvlvyxcrw1fpmx-gcc-arm-embedded-12.2.rel1/bin/../lib/gcc/arm-none-eabi/12.2.1/../../../../arm-none-eabi/lib/thumb/v7-m/nofp/crt0.o
__call_exitprocs                                  /nix/store/g29lld3lmg7r15jj0vsvlvyxcrw1fpmx-gcc-arm-embedded-12.2.rel1/bin/../lib/gcc/arm-none-eabi/12.2.1/../../../../arm-none-eabi/lib/thumb/v7-m/nofp/libc_nano.a(libc_a-exit.o)
__deregister_frame_info                           /nix/store/g29lld3lmg7r15jj0vsvlvyxcrw1fpmx-gcc-arm-embedded-12.2.rel1/bin/../lib/gcc/arm-none-eabi/12.2.1/thumb/v7-m/nofp/crtbegin.o
__dso_handle                                      /nix/store/g29lld3lmg7r15jj0vsvlvyxcrw1fpmx-gcc-arm-embedded-12.2.rel1/bin/../lib/gcc/arm-none-eabi/12.2.1/thumb/v7-m/nofp/crtbegin.o
__fp_lock_all                                     /nix/store/g29lld3lmg7r15jj0vsvlvyxcrw1fpmx-gcc-arm-embedded-12.2.rel1/bin/../lib/gcc/arm-none-eabi/12.2.1/../../../../arm-none-eabi/lib/thumb/v7-m/nofp/libc_nano.a(libc_a-findfp.o)
__fp_unlock_all                                   /nix/store/g29lld3lmg7r15jj0vsvlvyxcrw1fpmx-gcc-arm-embedded-12.2.rel1/bin/../lib/gcc/arm-none-eabi/12.2.1/../../../../arm-none-eabi/lib/thumb/v7-m/nofp/libc_nano.a(libc_a-findfp.o)
__init_array_end                                  /nix/store/g29lld3lmg7r15jj0vsvlvyxcrw1fpmx-gcc-arm-embedded-12.2.rel1/bin/../lib/gcc/arm-none-eabi/12.2.1/../../../../arm-none-eabi/lib/thumb/v7-m/nofp/libc_nano.a(libc_a-init.o)
__init_array_start                                /nix/store/g29lld3lmg7r15jj0vsvlvyxcrw1fpmx-gcc-arm-embedded-12.2.rel1/bin/../lib/gcc/arm-none-eabi/12.2.1/../../../../arm-none-eabi/lib/thumb/v7-m/nofp/libc_nano.a(libc_a-init.o)
__libc_fini_array                                 /nix/store/g29lld3lmg7r15jj0vsvlvyxcrw1fpmx-gcc-arm-embedded-12.2.rel1/bin/../lib/gcc/arm-none-eabi/12.2.1/../../../../arm-none-eabi/lib/thumb/v7-m/nofp/crt0.o
__libc_init_array                                 /nix/store/g29lld3lmg7r15jj0vsvlvyxcrw1fpmx-gcc-arm-embedded-12.2.rel1/bin/../lib/gcc/arm-none-eabi/12.2.1/../../../../arm-none-eabi/lib/thumb/v7-m/nofp/libc_nano.a(libc_a-init.o)
                                                  build/startup_stm32f103xb.o
                                                  /nix/store/g29lld3lmg7r15jj0vsvlvyxcrw1fpmx-gcc-arm-embedded-12.2.rel1/bin/../lib/gcc/arm-none-eabi/12.2.1/../../../../arm-none-eabi/lib/thumb/v7-m/nofp/crt0.o
__lock___arc4random_mutex                         /nix/store/g29lld3lmg7r15jj0vsvlvyxcrw1fpmx-gcc-arm-embedded-12.2.rel1/bin/../lib/gcc/arm-none-eabi/12.2.1/../../../../arm-none-eabi/lib/thumb/v7-m/nofp/libc_nano.a(libc_a-lock.o)
__lock___at_quick_exit_mutex                      /nix/store/g29lld3lmg7r15jj0vsvlvyxcrw1fpmx-gcc-arm-embedded-12.2.rel1/bin/../lib/gcc/arm-none-eabi/12.2.1/../../../../arm-none-eabi/lib/thumb/v7-m/nofp/libc_nano.a(libc_a-lock.o)
__lock___atexit_recursive_mutex                   /nix/store/g29lld3lmg7r15jj0vsvlvyxcrw1fpmx-gcc-arm-embedded-12.2.rel1/bin/../lib/gcc/arm-none-eabi/12.2.1/../../../../arm-none-eabi/lib/thumb/v7-m/nofp/libc_nano.a(libc_a-lock.o)
__lock___dd_hash_mutex                            /nix/store/g29lld3lmg7r15jj0vsvlvyxcrw1fpmx-gcc-arm-embedded-12.2.rel1/bin/../lib/gcc/arm-none-eabi/12.2.1/../../../../arm-none-eabi/lib/thumb/v7-m/nofp/libc_nano.a(libc_a-lock.o)
__lock___env_recursive_mutex                      /nix/store/g29lld3lmg7r15jj0vsvlvyxcrw1fpmx-gcc-arm-embedded-12.2.rel1/bin/../lib/gcc/arm-none-eabi/12.2.1/../../../../arm-none-eabi/lib/thumb/v7-m/nofp/libc_nano.a(libc_a-lock.o)
__lock___malloc_recursive_mutex                   /nix/store/g29lld3lmg7r15jj0vsvlvyxcrw1fpmx-gcc-arm-embedded-12.2.rel1/bin/../lib/gcc/arm-none-eabi/12.2.1/../../../../arm-none-eabi/lib/thumb/v7-m/nofp/libc_nano.a(libc_a-lock.o)
                                                  /nix/store/g29lld3lmg7r15jj0vsvlvyxcrw1fpmx-gcc-arm-embedded-12.2.rel1/bin/../lib/gcc/arm-none-eabi/12.2.1/../../../../arm-none-eabi/lib/thumb/v7-m/nofp/libc_nano.a(libc_a-mlock.o)
__lock___sfp_recursive_mutex                      /nix/store/g29lld3lmg7r15jj0vsvlvyxcrw1fpmx-gcc-arm-embedded-12.2.rel1/bin/../lib/gcc/arm-none-eabi/12.2.1/../../../../arm-none-eabi/lib/thumb/v7-m/nofp/libc_nano.a(libc_a-lock.o)
                                                  /nix/store/g29lld3lmg7r15jj0vsvlvyxcrw1fpmx-gcc-arm-embedded-12.2.rel1/bin/../lib/gcc/arm-none-eabi/12.2.1/../../../../arm-none-eabi/lib/thumb/v7-m/nofp/libc_nano.a(libc_a-findfp.o)
__lock___tz_mutex                                 /nix/store/g29lld3lmg7r15jj0vsvlvyxcrw1fpmx-gcc-arm-embedded-12.2.rel1/bin/../lib/gcc/arm-none-eabi/12.2.1/../../../../arm-none-eabi/lib/thumb/v7-m/nofp/libc_nano.a(libc_a-lock.o)
__malloc_free_list                                /nix/store/g29lld3lmg7r15jj0vsvlvyxcrw1fpmx-gcc-arm-embedded-12.2.rel1/bin/../lib/gcc/arm-none-eabi/12.2.1/../../../../arm-none-eabi/lib/thumb/v7-m/nofp/libc_nano.a(libc_a-mallocr.o)
                                                  /nix/store/g29lld3lmg7r15jj0vsvlvyxcrw1fpmx-gcc-arm-embedded-12.2.rel1/bin/../lib/gcc/arm-none-eabi/12.2.1/../../../../arm-none-eabi/lib/thumb/v7-m/nofp/libc_nano.a(libc_a-freer.o)
__malloc_lock                                     /nix/store/g29lld3lmg7r15jj0vsvlvyxcrw1fpmx-gcc-arm-embedded-12.2.rel1/bin/../lib/gcc/arm-none-eabi/12.2.1/../../../../arm-none-eabi/lib/thumb/v7-m/nofp/libc_nano.a(libc_a-mlock.o)
                                                  /nix/store/g29lld3lmg7r15jj0vsvlvyxcrw1fpmx-gcc-arm-embedded-12.2.rel1/bin/../lib/gcc/arm-none-eabi/12.2.1/../../../../arm-none-eabi/lib/thumb/v7-m/nofp/libc_nano.a(libc_a-freer.o)
                                                  /nix/store/g29lld3lmg7r15jj0vsvlvyxcrw1fpmx-gcc-arm-embedded-12.2.rel1/bin/../lib/gcc/arm-none-eabi/12.2.1/../../../../arm-none-eabi/lib/thumb/v7-m/nofp/libc_nano.a(libc_a-mallocr.o)
__malloc_sbrk_start                               /nix/store/g29lld3lmg7r15jj0vsvlvyxcrw1fpmx-gcc-arm-embedded-12.2.rel1/bin/../lib/gcc/arm-none-eabi/12.2.1/../../../../arm-none-eabi/lib/thumb/v7-m/nofp/libc_nano.a(libc_a-mallocr.o)
__malloc_unlock                                   /nix/store/g29lld3lmg7r15jj0vsvlvyxcrw1fpmx-gcc-arm-embedded-12.2.rel1/bin/../lib/gcc/arm-none-eabi/12.2.1/../../../../arm-none-eabi/lib/thumb/v7-m/nofp/libc_nano.a(libc_a-mlock.o)
                                                  /nix/store/g29lld3lmg7r15jj0vsvlvyxcrw1fpmx-gcc-arm-embedded-12.2.rel1/bin/../lib/gcc/arm-none-eabi/12.2.1/../../../../arm-none-eabi/lib/thumb/v7-m/nofp/libc_nano.a(libc_a-freer.o)
                                                  /nix/store/g29lld3lmg7r15jj0vsvlvyxcrw1fpmx-gcc-arm-embedded-12.2.rel1/bin/../lib/gcc/arm-none-eabi/12.2.1/../../../../arm-none-eabi/lib/thumb/v7-m/nofp/libc_nano.a(libc_a-mallocr.o)
__preinit_array_end                               /nix/store/g29lld3lmg7r15jj0vsvlvyxcrw1fpmx-gcc-arm-embedded-12.2.rel1/bin/../lib/gcc/arm-none-eabi/12.2.1/../../../../arm-none-eabi/lib/thumb/v7-m/nofp/libc_nano.a(libc_a-init.o)
__preinit_array_start                             /nix/store/g29lld3lmg7r15jj0vsvlvyxcrw1fpmx-gcc-arm-embedded-12.2.rel1/bin/../lib/gcc/arm-none-eabi/12.2.1/../../../../arm-none-eabi/lib/thumb/v7-m/nofp/libc_nano.a(libc_a-init.o)
__register_frame_info                             /nix/store/g29lld3lmg7r15jj0vsvlvyxcrw1fpmx-gcc-arm-embedded-12.2.rel1/bin/../lib/gcc/arm-none-eabi/12.2.1/thumb/v7-m/nofp/crtbegin.o
__retarget_lock_acquire                           /nix/store/g29lld3lmg7r15jj0vsvlvyxcrw1fpmx-gcc-arm-embedded-12.2.rel1/bin/../lib/gcc/arm-none-eabi/12.2.1/../../../../arm-none-eabi/lib/thumb/v7-m/nofp/libc_nano.a(libc_a-lock.o)
__retarget_lock_acquire_recursive                 /nix/store/g29lld3lmg7r15jj0vsvlvyxcrw1fpmx-gcc-arm-embedded-12.2.rel1/bin/../lib/gcc/arm-none-eabi/12.2.1/../../../../arm-none-eabi/lib/thumb/v7-m/nofp/libc_nano.a(libc_a-lock.o)
                                                  /nix/store/g29lld3lmg7r15jj0vsvlvyxcrw1fpmx-gcc-arm-embedded-12.2.rel1/bin/../lib/gcc/arm-none-eabi/12.2.1/../../../../arm-none-eabi/lib/thumb/v7-m/nofp/libc_nano.a(libc_a-mlock.o)
                                                  /nix/store/g29lld3lmg7r15jj0vsvlvyxcrw1fpmx-gcc-arm-embedded-12.2.rel1/bin/../lib/gcc/arm-none-eabi/12.2.1/../../../../arm-none-eabi/lib/thumb/v7-m/nofp/libc_nano.a(libc_a-fflush.o)
                                                  /nix/store/g29lld3lmg7r15jj0vsvlvyxcrw1fpmx-gcc-arm-embedded-12.2.rel1/bin/../lib/gcc/arm-none-eabi/12.2.1/../../../../arm-none-eabi/lib/thumb/v7-m/nofp/libc_nano.a(libc_a-findfp.o)
__retarget_lock_close                             /nix/store/g29lld3lmg7r15jj0vsvlvyxcrw1fpmx-gcc-arm-embedded-12.2.rel1/bin/../lib/gcc/arm-none-eabi/12.2.1/../../../../arm-none-eabi/lib/thumb/v7-m/nofp/libc_nano.a(libc_a-lock.o)
__retarget_lock_close_recursive                   /nix/store/g29lld3lmg7r15jj0vsvlvyxcrw1fpmx-gcc-arm-embedded-12.2.rel1/bin/../lib/gcc/arm-none-eabi/12.2.1/../../../../arm-none-eabi/lib/thumb/v7-m/nofp/libc_nano.a(libc_a-lock.o)
__retarget_lock_init                              /nix/store/g29lld3lmg7r15jj0vsvlvyxcrw1fpmx-gcc-arm-embedded-12.2.rel1/bin/../lib/gcc/arm-none-eabi/12.2.1/../../../../arm-none-eabi/lib/thumb/v7-m/nofp/libc_nano.a(libc_a-lock.o)
__retarget_lock_init_recursive                    /nix/store/g29lld3lmg7r15jj0vsvlvyxcrw1fpmx-gcc-arm-embedded-12.2.rel1/bin/../lib/gcc/arm-none-eabi/12.2.1/../../../../arm-none-eabi/lib/thumb/v7-m/nofp/libc_nano.a(libc_a-lock.o)
                                                  /nix/store/g29lld3lmg7r15jj0vsvlvyxcrw1fpmx-gcc-arm-embedded-12.2.rel1/bin/../lib/gcc/arm-none-eabi/12.2.1/../../../../arm-none-eabi/lib/thumb/v7-m/nofp/libc_nano.a(libc_a-findfp.o)
__retarget_lock_release                           /nix/store/g29lld3lmg7r15jj0vsvlvyxcrw1fpmx-gcc-arm-embedded-12.2.rel1/bin/../lib/gcc/arm-none-eabi/12.2.1/../../../../arm-none-eabi/lib/thumb/v7-m/nofp/libc_nano.a(libc_a-lock.o)
__retarget_lock_release_recursive                 /nix/store/g29lld3lmg7r15jj0vsvlvyxcrw1fpmx-gcc-arm-embedded-12.2.rel1/bin/../lib/gcc/arm-none-eabi/12.2.1/../../../../arm-none-eabi/lib/thumb/v7-m/nofp/libc_nano.a(libc_a-lock.o)
                                                  /nix/store/g29lld3lmg7r15jj0vsvlvyxcrw1fpmx-gcc-arm-embedded-12.2.rel1/bin/../lib/gcc/arm-none-eabi/12.2.1/../../../../arm-none-eabi/lib/thumb/v7-m/nofp/libc_nano.a(libc_a-mlock.o)
                                                  /nix/store/g29lld3lmg7r15jj0vsvlvyxcrw1fpmx-gcc-arm-embedded-12.2.rel1/bin/../lib/gcc/arm-none-eabi/12.2.1/../../../../arm-none-eabi/lib/thumb/v7-m/nofp/libc_nano.a(libc_a-fflush.o)
                                                  /nix/store/g29lld3lmg7r15jj0vsvlvyxcrw1fpmx-gcc-arm-embedded-12.2.rel1/bin/../lib/gcc/arm-none-eabi/12.2.1/../../../../arm-none-eabi/lib/thumb/v7-m/nofp/libc_nano.a(libc_a-findfp.o)
__retarget_lock_try_acquire                       /nix/store/g29lld3lmg7r15jj0vsvlvyxcrw1fpmx-gcc-arm-embedded-12.2.rel1/bin/../lib/gcc/arm-none-eabi/12.2.1/../../../../arm-none-eabi/lib/thumb/v7-m/nofp/libc_nano.a(libc_a-lock.o)
__retarget_lock_try_acquire_recursive             /nix/store/g29lld3lmg7r15jj0vsvlvyxcrw1fpmx-gcc-arm-embedded-12.2.rel1/bin/../lib/gcc/arm-none-eabi/12.2.1/../../../../arm-none-eabi/lib/thumb/v7-m/nofp/libc_nano.a(libc_a-lock.o)
__sclose                                          /nix/store/g29lld3lmg7r15jj0vsvlvyxcrw1fpmx-gcc-arm-embedded-12.2.rel1/bin/../lib/gcc/arm-none-eabi/12.2.1/../../../../arm-none-eabi/lib/thumb/v7-m/nofp/libc_nano.a(libc_a-stdio.o)
                                                  /nix/store/g29lld3lmg7r15jj0vsvlvyxcrw1fpmx-gcc-arm-embedded-12.2.rel1/bin/../lib/gcc/arm-none-eabi/12.2.1/../../../../arm-none-eabi/lib/thumb/v7-m/nofp/libc_nano.a(libc_a-findfp.o)
__seofread                                        /nix/store/g29lld3lmg7r15jj0vsvlvyxcrw1fpmx-gcc-arm-embedded-12.2.rel1/bin/../lib/gcc/arm-none-eabi/12.2.1/../../../../arm-none-eabi/lib/thumb/v7-m/nofp/libc_nano.a(libc_a-stdio.o)
__sf                                              /nix/store/g29lld3lmg7r15jj0vsvlvyxcrw1fpmx-gcc-arm-embedded-12.2.rel1/bin/../lib/gcc/arm-none-eabi/12.2.1/../../../../arm-none-eabi/lib/thumb/v7-m/nofp/libc_nano.a(libc_a-findfp.o)
                                                  /nix/store/g29lld3lmg7r15jj0vsvlvyxcrw1fpmx-gcc-arm-embedded-12.2.rel1/bin/../lib/gcc/arm-none-eabi/12.2.1/../../../../arm-none-eabi/lib/thumb/v7-m/nofp/libc_nano.a(libc_a-impure.o)
__sflush_r                                        /nix/store/g29lld3lmg7r15jj0vsvlvyxcrw1fpmx-gcc-arm-embedded-12.2.rel1/bin/../lib/gcc/arm-none-eabi/12.2.1/../../../../arm-none-eabi/lib/thumb/v7-m/nofp/libc_nano.a(libc_a-fflush.o)